Archive member included to satisfy reference by file (symbol)

/home/kakses/Programy/eclipse/plugins/fr.ac6.mcu.externaltools.arm-none.linux64_1.11.0.201610101240/tools/gcc-arm-none-eabi-5_4-2016q2/bin/../lib/gcc/arm-none-eabi/5.4.1/../../../../arm-none-eabi/lib/armv7e-m/fpu/libc_nano.a(lib_a-exit.o)
                              /home/kakses/Programy/eclipse/plugins/fr.ac6.mcu.externaltools.arm-none.linux64_1.11.0.201610101240/tools/gcc-arm-none-eabi-5_4-2016q2/bin/../lib/gcc/arm-none-eabi/5.4.1/../../../../arm-none-eabi/lib/armv7e-m/fpu/crt0.o (exit)
/home/kakses/Programy/eclipse/plugins/fr.ac6.mcu.externaltools.arm-none.linux64_1.11.0.201610101240/tools/gcc-arm-none-eabi-5_4-2016q2/bin/../lib/gcc/arm-none-eabi/5.4.1/../../../../arm-none-eabi/lib/armv7e-m/fpu/libc_nano.a(lib_a-impure.o)
                              /home/kakses/Programy/eclipse/plugins/fr.ac6.mcu.externaltools.arm-none.linux64_1.11.0.201610101240/tools/gcc-arm-none-eabi-5_4-2016q2/bin/../lib/gcc/arm-none-eabi/5.4.1/../../../../arm-none-eabi/lib/armv7e-m/fpu/libc_nano.a(lib_a-exit.o) (_global_impure_ptr)
/home/kakses/Programy/eclipse/plugins/fr.ac6.mcu.externaltools.arm-none.linux64_1.11.0.201610101240/tools/gcc-arm-none-eabi-5_4-2016q2/bin/../lib/gcc/arm-none-eabi/5.4.1/../../../../arm-none-eabi/lib/armv7e-m/fpu/libc_nano.a(lib_a-init.o)
                              /home/kakses/Programy/eclipse/plugins/fr.ac6.mcu.externaltools.arm-none.linux64_1.11.0.201610101240/tools/gcc-arm-none-eabi-5_4-2016q2/bin/../lib/gcc/arm-none-eabi/5.4.1/../../../../arm-none-eabi/lib/armv7e-m/fpu/crt0.o (__libc_init_array)
/home/kakses/Programy/eclipse/plugins/fr.ac6.mcu.externaltools.arm-none.linux64_1.11.0.201610101240/tools/gcc-arm-none-eabi-5_4-2016q2/bin/../lib/gcc/arm-none-eabi/5.4.1/../../../../arm-none-eabi/lib/armv7e-m/fpu/libc_nano.a(lib_a-memset.o)
                              /home/kakses/Programy/eclipse/plugins/fr.ac6.mcu.externaltools.arm-none.linux64_1.11.0.201610101240/tools/gcc-arm-none-eabi-5_4-2016q2/bin/../lib/gcc/arm-none-eabi/5.4.1/../../../../arm-none-eabi/lib/armv7e-m/fpu/crt0.o (memset)
/home/kakses/Programy/eclipse/plugins/fr.ac6.mcu.externaltools.arm-none.linux64_1.11.0.201610101240/tools/gcc-arm-none-eabi-5_4-2016q2/bin/../lib/gcc/arm-none-eabi/5.4.1/../../../../arm-none-eabi/lib/armv7e-m/fpu/libnosys.a(_exit.o)
                              /home/kakses/Programy/eclipse/plugins/fr.ac6.mcu.externaltools.arm-none.linux64_1.11.0.201610101240/tools/gcc-arm-none-eabi-5_4-2016q2/bin/../lib/gcc/arm-none-eabi/5.4.1/../../../../arm-none-eabi/lib/armv7e-m/fpu/libc_nano.a(lib_a-exit.o) (_exit)

Allocating common symbols
Common symbol       size              file

htim4               0x3c              Application/User/main.o
uwTick              0x4               Drivers/STM32F4xx_HAL_Driver/stm32f4xx_hal.o
pFlash              0x20              Drivers/STM32F4xx_HAL_Driver/stm32f4xx_hal_flash.o

Discarded input sections

 .text          0x00000000        0x0 /home/kakses/Programy/eclipse/plugins/fr.ac6.mcu.externaltools.arm-none.linux64_1.11.0.201610101240/tools/gcc-arm-none-eabi-5_4-2016q2/bin/../lib/gcc/arm-none-eabi/5.4.1/armv7e-m/fpu/crti.o
 .data          0x00000000        0x0 /home/kakses/Programy/eclipse/plugins/fr.ac6.mcu.externaltools.arm-none.linux64_1.11.0.201610101240/tools/gcc-arm-none-eabi-5_4-2016q2/bin/../lib/gcc/arm-none-eabi/5.4.1/armv7e-m/fpu/crti.o
 .bss           0x00000000        0x0 /home/kakses/Programy/eclipse/plugins/fr.ac6.mcu.externaltools.arm-none.linux64_1.11.0.201610101240/tools/gcc-arm-none-eabi-5_4-2016q2/bin/../lib/gcc/arm-none-eabi/5.4.1/armv7e-m/fpu/crti.o
 .data          0x00000000        0x4 /home/kakses/Programy/eclipse/plugins/fr.ac6.mcu.externaltools.arm-none.linux64_1.11.0.201610101240/tools/gcc-arm-none-eabi-5_4-2016q2/bin/../lib/gcc/arm-none-eabi/5.4.1/armv7e-m/fpu/crtbegin.o
 .text          0x00000000       0x74 /home/kakses/Programy/eclipse/plugins/fr.ac6.mcu.externaltools.arm-none.linux64_1.11.0.201610101240/tools/gcc-arm-none-eabi-5_4-2016q2/bin/../lib/gcc/arm-none-eabi/5.4.1/../../../../arm-none-eabi/lib/armv7e-m/fpu/crt0.o
 .data          0x00000000        0x0 /home/kakses/Programy/eclipse/plugins/fr.ac6.mcu.externaltools.arm-none.linux64_1.11.0.201610101240/tools/gcc-arm-none-eabi-5_4-2016q2/bin/../lib/gcc/arm-none-eabi/5.4.1/../../../../arm-none-eabi/lib/armv7e-m/fpu/crt0.o
 .bss           0x00000000        0x0 /home/kakses/Programy/eclipse/plugins/fr.ac6.mcu.externaltools.arm-none.linux64_1.11.0.201610101240/tools/gcc-arm-none-eabi-5_4-2016q2/bin/../lib/gcc/arm-none-eabi/5.4.1/../../../../arm-none-eabi/lib/armv7e-m/fpu/crt0.o
 .ARM.extab     0x00000000        0x0 /home/kakses/Programy/eclipse/plugins/fr.ac6.mcu.externaltools.arm-none.linux64_1.11.0.201610101240/tools/gcc-arm-none-eabi-5_4-2016q2/bin/../lib/gcc/arm-none-eabi/5.4.1/../../../../arm-none-eabi/lib/armv7e-m/fpu/crt0.o
[...]
Memory Configuration

Name             Origin             Length             Attributes
RAM              0x20000000         0x00020000         xrw
FLASH            0x08000000         0x00080000         xr
*default*        0x00000000         0xffffffff

Linker script and memory map

LOAD /home/kakses/Programy/eclipse/plugins/fr.ac6.mcu.externaltools.arm-none.linux64_1.11.0.201610101240/tools/gcc-arm-none-eabi-5_4-2016q2/bin/../lib/gcc/arm-none-eabi/5.4.1/armv7e-m/fpu/crti.o
LOAD /home/kakses/Programy/eclipse/plugins/fr.ac6.mcu.externaltools.arm-none.linux64_1.11.0.201610101240/tools/gcc-arm-none-eabi-5_4-2016q2/bin/../lib/gcc/arm-none-eabi/5.4.1/armv7e-m/fpu/crtbegin.o
LOAD /home/kakses/Programy/eclipse/plugins/fr.ac6.mcu.externaltools.arm-none.linux64_1.11.0.201610101240/tools/gcc-arm-none-eabi-5_4-2016q2/bin/../lib/gcc/arm-none-eabi/5.4.1/../../../../arm-none-eabi/lib/armv7e-m/fpu/crt0.o
LOAD /home/kakses/Programy/eclipse/plugins/fr.ac6.mcu.externaltools.arm-none.linux64_1.11.0.201610101240/tools/gcc-arm-none-eabi-5_4-2016q2/bin/../lib/gcc/arm-none-eabi/5.4.1/../../../../arm-none-eabi/lib/armv7e-m/fpu/libm.a
LOAD Drivers/STM32F4xx_HAL_Driver/stm32f4xx_hal.o
LOAD Drivers/STM32F4xx_HAL_Driver/stm32f4xx_hal_cortex.o
LOAD Drivers/STM32F4xx_HAL_Driver/stm32f4xx_hal_dma.o
LOAD Drivers/STM32F4xx_HAL_Driver/stm32f4xx_hal_dma_ex.o
LOAD Drivers/STM32F4xx_HAL_Driver/stm32f4xx_hal_flash.o
LOAD Drivers/STM32F4xx_HAL_Driver/stm32f4xx_hal_flash_ex.o
LOAD Drivers/STM32F4xx_HAL_Driver/stm32f4xx_hal_flash_ramfunc.o
LOAD Drivers/STM32F4xx_HAL_Driver/stm32f4xx_hal_gpio.o
LOAD Drivers/STM32F4xx_HAL_Driver/stm32f4xx_hal_pwr.o
LOAD Drivers/STM32F4xx_HAL_Driver/stm32f4xx_hal_pwr_ex.o
LOAD Drivers/STM32F4xx_HAL_Driver/stm32f4xx_hal_rcc.o
LOAD Drivers/STM32F4xx_HAL_Driver/stm32f4xx_hal_rcc_ex.o
LOAD Drivers/STM32F4xx_HAL_Driver/stm32f4xx_hal_tim.o
LOAD Drivers/STM32F4xx_HAL_Driver/stm32f4xx_hal_tim_ex.o
LOAD Drivers/CMSIS/system_stm32f4xx.o
LOAD Application/User/main.o
LOAD Application/User/stm32f4xx_hal_msp.o
LOAD Application/User/stm32f4xx_it.o
LOAD Application/SW4STM32/startup_stm32f411xe.o
START GROUP
LOAD /home/kakses/Programy/eclipse/plugins/fr.ac6.mcu.externaltools.arm-none.linux64_1.11.0.201610101240/tools/gcc-arm-none-eabi-5_4-2016q2/bin/../lib/gcc/arm-none-eabi/5.4.1/armv7e-m/fpu/libgcc.a
LOAD /home/kakses/Programy/eclipse/plugins/fr.ac6.mcu.externaltools.arm-none.linux64_1.11.0.201610101240/tools/gcc-arm-none-eabi-5_4-2016q2/bin/../lib/gcc/arm-none-eabi/5.4.1/../../../../arm-none-eabi/lib/armv7e-m/fpu/libc_nano.a
END GROUP
START GROUP
LOAD /home/kakses/Programy/eclipse/plugins/fr.ac6.mcu.externaltools.arm-none.linux64_1.11.0.201610101240/tools/gcc-arm-none-eabi-5_4-2016q2/bin/../lib/gcc/arm-none-eabi/5.4.1/armv7e-m/fpu/libgcc.a
LOAD /home/kakses/Programy/eclipse/plugins/fr.ac6.mcu.externaltools.arm-none.linux64_1.11.0.201610101240/tools/gcc-arm-none-eabi-5_4-2016q2/bin/../lib/gcc/arm-none-eabi/5.4.1/../../../../arm-none-eabi/lib/armv7e-m/fpu/libc_nano.a
LOAD /home/kakses/Programy/eclipse/plugins/fr.ac6.mcu.externaltools.arm-none.linux64_1.11.0.201610101240/tools/gcc-arm-none-eabi-5_4-2016q2/bin/../lib/gcc/arm-none-eabi/5.4.1/../../../../arm-none-eabi/lib/armv7e-m/fpu/libnosys.a
END GROUP
START GROUP
LOAD /home/kakses/Programy/eclipse/plugins/fr.ac6.mcu.externaltools.arm-none.linux64_1.11.0.201610101240/tools/gcc-arm-none-eabi-5_4-2016q2/bin/../lib/gcc/arm-none-eabi/5.4.1/armv7e-m/fpu/libgcc.a
LOAD /home/kakses/Programy/eclipse/plugins/fr.ac6.mcu.externaltools.arm-none.linux64_1.11.0.201610101240/tools/gcc-arm-none-eabi-5_4-2016q2/bin/../lib/gcc/arm-none-eabi/5.4.1/../../../../arm-none-eabi/lib/armv7e-m/fpu/libc_nano.a
LOAD /home/kakses/Programy/eclipse/plugins/fr.ac6.mcu.externaltools.arm-none.linux64_1.11.0.201610101240/tools/gcc-arm-none-eabi-5_4-2016q2/bin/../lib/gcc/arm-none-eabi/5.4.1/../../../../arm-none-eabi/lib/armv7e-m/fpu/libnosys.a
END GROUP
LOAD /home/kakses/Programy/eclipse/plugins/fr.ac6.mcu.externaltools.arm-none.linux64_1.11.0.201610101240/tools/gcc-arm-none-eabi-5_4-2016q2/bin/../lib/gcc/arm-none-eabi/5.4.1/armv7e-m/fpu/crtend.o
LOAD /home/kakses/Programy/eclipse/plugins/fr.ac6.mcu.externaltools.arm-none.linux64_1.11.0.201610101240/tools/gcc-arm-none-eabi-5_4-2016q2/bin/../lib/gcc/arm-none-eabi/5.4.1/armv7e-m/fpu/crtn.o
                0x20020000                _estack = 0x20020000
                0x00000200                _Min_Heap_Size = 0x200
                0x00000400                _Min_Stack_Size = 0x400

.isr_vector     0x08000000      0x198
                0x08000000                . = ALIGN (0x4)
 *(.isr_vector)
 .isr_vector    0x08000000      0x198 Application/SW4STM32/startup_stm32f411xe.o
                0x08000000                g_pfnVectors
                0x08000198                . = ALIGN (0x4)

.text           0x08000198     0x1d48
                0x08000198                . = ALIGN (0x4)
 *(.text)
 .text          0x08000198       0x5c /home/kakses/Programy/eclipse/plugins/fr.ac6.mcu.externaltools.arm-none.linux64_1.11.0.201610101240/tools/gcc-arm-none-eabi-5_4-2016q2/bin/../lib/gcc/arm-none-eabi/5.4.1/armv7e-m/fpu/crtbegin.o
 *(.text*)
 .text.HAL_Init
                0x080001f4       0x44 Drivers/STM32F4xx_HAL_Driver/stm32f4xx_hal.o
                0x080001f4                HAL_Init
 .text.HAL_InitTick
                0x08000238       0x38 Drivers/STM32F4xx_HAL_Driver/stm32f4xx_hal.o
                0x08000238                HAL_InitTick
 .text.HAL_IncTick
                0x08000270       0x1c Drivers/STM32F4xx_HAL_Driver/stm32f4xx_hal.o
                0x08000270                HAL_IncTick
 .text.HAL_GetTick
                0x0800028c       0x18 Drivers/STM32F4xx_HAL_Driver/stm32f4xx_hal.o
                0x0800028c                HAL_GetTick
 .text.HAL_Delay
                0x080002a4       0x2c Drivers/STM32F4xx_HAL_Driver/stm32f4xx_hal.o
                0x080002a4                HAL_Delay
 .text.NVIC_SetPriorityGrouping
                0x080002d0       0x48 Drivers/STM32F4xx_HAL_Driver/stm32f4xx_hal_cortex.o
 .text.NVIC_GetPriorityGrouping
                0x08000318       0x1c Drivers/STM32F4xx_HAL_Driver/stm32f4xx_hal_cortex.o
 .text.NVIC_SetPriority
                0x08000334       0x54 Drivers/STM32F4xx_HAL_Driver/stm32f4xx_hal_cortex.o
 .text.NVIC_EncodePriority
                0x08000388       0x64 Drivers/STM32F4xx_HAL_Driver/stm32f4xx_hal_cortex.o
 .text.SysTick_Config
                0x080003ec       0x44 Drivers/STM32F4xx_HAL_Driver/stm32f4xx_hal_cortex.o
 .text.HAL_NVIC_SetPriorityGrouping
                0x08000430       0x18 Drivers/STM32F4xx_HAL_Driver/stm32f4xx_hal_cortex.o
                0x08000430                HAL_NVIC_SetPriorityGrouping
 .text.HAL_NVIC_SetPriority
                0x08000448       0x38 Drivers/STM32F4xx_HAL_Driver/stm32f4xx_hal_cortex.o
                0x08000448                HAL_NVIC_SetPriority
 .text.HAL_SYSTICK_Config
                0x08000480       0x18 Drivers/STM32F4xx_HAL_Driver/stm32f4xx_hal_cortex.o
                0x08000480                HAL_SYSTICK_Config
 .text.HAL_SYSTICK_CLKSourceConfig
                0x08000498       0x38 Drivers/STM32F4xx_HAL_Driver/stm32f4xx_hal_cortex.o
                0x08000498                HAL_SYSTICK_CLKSourceConfig
 .text.HAL_SYSTICK_IRQHandler
                0x080004d0        0xc Drivers/STM32F4xx_HAL_Driver/stm32f4xx_hal_cortex.o
                0x080004d0                HAL_SYSTICK_IRQHandler
 .text.HAL_SYSTICK_Callback
                0x080004dc       0x10 Drivers/STM32F4xx_HAL_Driver/stm32f4xx_hal_cortex.o
                0x080004dc                HAL_SYSTICK_Callback
 .text.HAL_GPIO_Init
                0x080004ec      0x304 Drivers/STM32F4xx_HAL_Driver/stm32f4xx_hal_gpio.o
                0x080004ec                HAL_GPIO_Init
 .text.HAL_RCC_OscConfig
                0x080007f0      0x424 Drivers/STM32F4xx_HAL_Driver/stm32f4xx_hal_rcc.o
                0x080007f0                HAL_RCC_OscConfig
 .text.HAL_RCC_ClockConfig
                0x08000c14      0x224 Drivers/STM32F4xx_HAL_Driver/stm32f4xx_hal_rcc.o
                0x08000c14                HAL_RCC_ClockConfig
 .text.HAL_RCC_GetSysClockFreq
                0x08000e38       0xfc Drivers/STM32F4xx_HAL_Driver/stm32f4xx_hal_rcc.o
                0x08000e38                HAL_RCC_GetSysClockFreq
 .text.HAL_RCC_GetHCLKFreq
                0x08000f34       0x18 Drivers/STM32F4xx_HAL_Driver/stm32f4xx_hal_rcc.o
                0x08000f34                HAL_RCC_GetHCLKFreq
 .text.HAL_TIM_Base_Init
                0x08000f4c       0x58 Drivers/STM32F4xx_HAL_Driver/stm32f4xx_hal_tim.o
                0x08000f4c                HAL_TIM_Base_Init
 .text.HAL_TIM_PWM_Init
                0x08000fa4       0x58 Drivers/STM32F4xx_HAL_Driver/stm32f4xx_hal_tim.o
                0x08000fa4                HAL_TIM_PWM_Init
 .text.HAL_TIM_PWM_MspInit
                0x08000ffc       0x14 Drivers/STM32F4xx_HAL_Driver/stm32f4xx_hal_tim.o
                0x08000ffc                HAL_TIM_PWM_MspInit
 .text.HAL_TIM_PWM_Start
                0x08001010       0x50 Drivers/STM32F4xx_HAL_Driver/stm32f4xx_hal_tim.o
                0x08001010                HAL_TIM_PWM_Start
 .text.HAL_TIM_PWM_ConfigChannel
                0x08001060      0x18c Drivers/STM32F4xx_HAL_Driver/stm32f4xx_hal_tim.o
                0x08001060                HAL_TIM_PWM_ConfigChannel
 .text.HAL_TIM_ConfigClockSource
                0x080011ec      0x1b8 Drivers/STM32F4xx_HAL_Driver/stm32f4xx_hal_tim.o
                0x080011ec                HAL_TIM_ConfigClockSource
 .text.TIM_Base_SetConfig
                0x080013a4      0x108 Drivers/STM32F4xx_HAL_Driver/stm32f4xx_hal_tim.o
                0x080013a4                TIM_Base_SetConfig
 .text.TIM_OC2_SetConfig
                0x080014ac       0xdc Drivers/STM32F4xx_HAL_Driver/stm32f4xx_hal_tim.o
                0x080014ac                TIM_OC2_SetConfig
 .text.TIM_CCxChannelCmd
                0x08001588       0x48 Drivers/STM32F4xx_HAL_Driver/stm32f4xx_hal_tim.o
                0x08001588                TIM_CCxChannelCmd
 .text.TIM_OC1_SetConfig
                0x080015d0       0xd0 Drivers/STM32F4xx_HAL_Driver/stm32f4xx_hal_tim.o
 .text.TIM_OC3_SetConfig
                0x080016a0       0xd8 Drivers/STM32F4xx_HAL_Driver/stm32f4xx_hal_tim.o
 .text.TIM_OC4_SetConfig
                0x08001778       0xac Drivers/STM32F4xx_HAL_Driver/stm32f4xx_hal_tim.o
 .text.TIM_TI1_ConfigInputStage
                0x08001824       0x68 Drivers/STM32F4xx_HAL_Driver/stm32f4xx_hal_tim.o
 .text.TIM_TI2_ConfigInputStage
                0x0800188c       0x68 Drivers/STM32F4xx_HAL_Driver/stm32f4xx_hal_tim.o
 .text.TIM_ITRx_SetConfig
                0x080018f4       0x40 Drivers/STM32F4xx_HAL_Driver/stm32f4xx_hal_tim.o
 .text.TIM_ETR_SetConfig
                0x08001934       0x44 Drivers/STM32F4xx_HAL_Driver/stm32f4xx_hal_tim.o
 .text.HAL_TIMEx_MasterConfigSynchronization
                0x08001978       0x8c Drivers/STM32F4xx_HAL_Driver/stm32f4xx_hal_tim_ex.o
                0x08001978                HAL_TIMEx_MasterConfigSynchronization
 .text.SystemInit
                0x08001a04       0x6c Drivers/CMSIS/system_stm32f4xx.o
                0x08001a04                SystemInit
 .text.main     0x08001a70       0x84 Application/User/main.o
                0x08001a70                main
 .text.SystemClock_Config
                0x08001af4       0xdc Application/User/main.o
                0x08001af4                SystemClock_Config
 .text.MX_TIM4_Init
                0x08001bd0       0xc0 Application/User/main.o
 .text.MX_GPIO_Init
                0x08001c90       0x34 Application/User/main.o
 .text.Error_Handler
                0x08001cc4        0x8 Application/User/main.o
                0x08001cc4                Error_Handler
 .text.HAL_MspInit
                0x08001ccc       0x64 Application/User/stm32f4xx_hal_msp.o
                0x08001ccc                HAL_MspInit
 .text.HAL_TIM_Base_MspInit
                0x08001d30       0x44 Application/User/stm32f4xx_hal_msp.o
                0x08001d30                HAL_TIM_Base_MspInit
 .text.HAL_TIM_MspPostInit
                0x08001d74       0x44 Application/User/stm32f4xx_hal_msp.o
                0x08001d74                HAL_TIM_MspPostInit
 .text.NMI_Handler
                0x08001db8       0x10 Application/User/stm32f4xx_it.o
                0x08001db8                NMI_Handler
 .text.HardFault_Handler
                0x08001dc8        0x8 Application/User/stm32f4xx_it.o
                0x08001dc8                HardFault_Handler
 .text.MemManage_Handler
                0x08001dd0        0x8 Application/User/stm32f4xx_it.o
                0x08001dd0                MemManage_Handler
 .text.BusFault_Handler
                0x08001dd8        0x8 Application/User/stm32f4xx_it.o
                0x08001dd8                BusFault_Handler
 .text.UsageFault_Handler
                0x08001de0        0x8 Application/User/stm32f4xx_it.o
                0x08001de0                UsageFault_Handler
 .text.SVC_Handler
                0x08001de8       0x10 Application/User/stm32f4xx_it.o
                0x08001de8                SVC_Handler
 .text.DebugMon_Handler
                0x08001df8       0x10 Application/User/stm32f4xx_it.o
                0x08001df8                DebugMon_Handler
 .text.PendSV_Handler
                0x08001e08       0x10 Application/User/stm32f4xx_it.o
                0x08001e08                PendSV_Handler
 .text.SysTick_Handler
                0x08001e18       0x10 Application/User/stm32f4xx_it.o
                0x08001e18                SysTick_Handler
 .text.Reset_Handler
                0x08001e28       0x50 Application/SW4STM32/startup_stm32f411xe.o
                0x08001e28                Reset_Handler
 .text.Default_Handler
                0x08001e78        0x2 Application/SW4STM32/startup_stm32f411xe.o
                0x08001e78                RTC_Alarm_IRQHandler
                0x08001e78                EXTI2_IRQHandler
                0x08001e78                SPI4_IRQHandler
                0x08001e78                TIM1_CC_IRQHandler
                0x08001e78                DMA2_Stream5_IRQHandler
                0x08001e78                DMA1_Stream5_IRQHandler
                0x08001e78                PVD_IRQHandler
                0x08001e78                SDIO_IRQHandler
                0x08001e78                TAMP_STAMP_IRQHandler
                0x08001e78                EXTI3_IRQHandler
                0x08001e78                TIM1_UP_TIM10_IRQHandler
                0x08001e78                I2C3_ER_IRQHandler
                0x08001e78                EXTI0_IRQHandler
                0x08001e78                I2C2_EV_IRQHandler
                0x08001e78                DMA1_Stream2_IRQHandler
                0x08001e78                FPU_IRQHandler
                0x08001e78                DMA2_Stream2_IRQHandler
                0x08001e78                SPI1_IRQHandler
                0x08001e78                TIM1_BRK_TIM9_IRQHandler
                0x08001e78                DMA2_Stream3_IRQHandler
                0x08001e78                USART6_IRQHandler
                0x08001e78                DMA2_Stream0_IRQHandler
                0x08001e78                TIM4_IRQHandler
                0x08001e78                I2C1_EV_IRQHandler
                0x08001e78                DMA1_Stream6_IRQHandler
                0x08001e78                DMA1_Stream1_IRQHandler
                0x08001e78                TIM3_IRQHandler
                0x08001e78                RCC_IRQHandler
                0x08001e78                Default_Handler
                0x08001e78                EXTI15_10_IRQHandler
                0x08001e78                ADC_IRQHandler
                0x08001e78                DMA1_Stream7_IRQHandler
                0x08001e78                SPI5_IRQHandler
                0x08001e78                TIM5_IRQHandler
                0x08001e78                DMA2_Stream7_IRQHandler
                0x08001e78                I2C3_EV_IRQHandler
                0x08001e78                EXTI9_5_IRQHandler
                0x08001e78                RTC_WKUP_IRQHandler
                0x08001e78                SPI2_IRQHandler
                0x08001e78                DMA1_Stream0_IRQHandler
                0x08001e78                EXTI4_IRQHandler
                0x08001e78                WWDG_IRQHandler
                0x08001e78                TIM2_IRQHandler
                0x08001e78                OTG_FS_WKUP_IRQHandler
                0x08001e78                TIM1_TRG_COM_TIM11_IRQHandler
                0x08001e78                EXTI1_IRQHandler
                0x08001e78                USART2_IRQHandler
                0x08001e78                I2C2_ER_IRQHandler
                0x08001e78                DMA2_Stream1_IRQHandler
                0x08001e78                FLASH_IRQHandler
                0x08001e78                DMA2_Stream4_IRQHandler
                0x08001e78                USART1_IRQHandler
                0x08001e78                OTG_FS_IRQHandler
                0x08001e78                SPI3_IRQHandler
                0x08001e78                DMA1_Stream4_IRQHandler
                0x08001e78                I2C1_ER_IRQHandler
                0x08001e78                DMA2_Stream6_IRQHandler
                0x08001e78                DMA1_Stream3_IRQHandler
 *fill*         0x08001e7a        0x2 
 .text.__libc_init_array
                0x08001e7c       0x4c /home/kakses/Programy/eclipse/plugins/fr.ac6.mcu.externaltools.arm-none.linux64_1.11.0.201610101240/tools/gcc-arm-none-eabi-5_4-2016q2/bin/../lib/gcc/arm-none-eabi/5.4.1/../../../../arm-none-eabi/lib/armv7e-m/fpu/libc_nano.a(lib_a-init.o)
                0x08001e7c                __libc_init_array
 *(.glue_7)
 .glue_7        0x08001ec8        0x0 linker stubs
 *(.glue_7t)
 .glue_7t       0x08001ec8        0x0 linker stubs
 *(.eh_frame)
 .eh_frame      0x08001ec8        0x0 /home/kakses/Programy/eclipse/plugins/fr.ac6.mcu.externaltools.arm-none.linux64_1.11.0.201610101240/tools/gcc-arm-none-eabi-5_4-2016q2/bin/../lib/gcc/arm-none-eabi/5.4.1/armv7e-m/fpu/crtbegin.o
 *(.init)
 .init          0x08001ec8        0x4 /home/kakses/Programy/eclipse/plugins/fr.ac6.mcu.externaltools.arm-none.linux64_1.11.0.201610101240/tools/gcc-arm-none-eabi-5_4-2016q2/bin/../lib/gcc/arm-none-eabi/5.4.1/armv7e-m/fpu/crti.o
                0x08001ec8                _init
 .init          0x08001ecc        0x8 /home/kakses/Programy/eclipse/plugins/fr.ac6.mcu.externaltools.arm-none.linux64_1.11.0.201610101240/tools/gcc-arm-none-eabi-5_4-2016q2/bin/../lib/gcc/arm-none-eabi/5.4.1/armv7e-m/fpu/crtn.o
 *(.fini)
 .fini          0x08001ed4        0x4 /home/kakses/Programy/eclipse/plugins/fr.ac6.mcu.externaltools.arm-none.linux64_1.11.0.201610101240/tools/gcc-arm-none-eabi-5_4-2016q2/bin/../lib/gcc/arm-none-eabi/5.4.1/armv7e-m/fpu/crti.o
                0x08001ed4                _fini
 .fini          0x08001ed8        0x8 /home/kakses/Programy/eclipse/plugins/fr.ac6.mcu.externaltools.arm-none.linux64_1.11.0.201610101240/tools/gcc-arm-none-eabi-5_4-2016q2/bin/../lib/gcc/arm-none-eabi/5.4.1/armv7e-m/fpu/crtn.o
                0x08001ee0                . = ALIGN (0x4)
                0x08001ee0                _etext = .

.vfp11_veneer   0x08001ee0        0x0
 .vfp11_veneer  0x08001ee0        0x0 linker stubs

.v4_bx          0x08001ee0        0x0
 .v4_bx         0x08001ee0        0x0 linker stubs

.iplt           0x08001ee0        0x0
 .iplt          0x08001ee0        0x0 /home/kakses/Programy/eclipse/plugins/fr.ac6.mcu.externaltools.arm-none.linux64_1.11.0.201610101240/tools/gcc-arm-none-eabi-5_4-2016q2/bin/../lib/gcc/arm-none-eabi/5.4.1/armv7e-m/fpu/crtbegin.o

.rodata         0x08001ee0       0x10
                0x08001ee0                . = ALIGN (0x4)
 *(.rodata)
 .rodata        0x08001ee0       0x10 Drivers/STM32F4xx_HAL_Driver/stm32f4xx_hal_rcc.o
                0x08001ee0                APBAHBPrescTable
 *(.rodata*)
                0x08001ef0                . = ALIGN (0x4)

.rel.dyn        0x08001ef0        0x0
 .rel.iplt      0x08001ef0        0x0 /home/kakses/Programy/eclipse/plugins/fr.ac6.mcu.externaltools.arm-none.linux64_1.11.0.201610101240/tools/gcc-arm-none-eabi-5_4-2016q2/bin/../lib/gcc/arm-none-eabi/5.4.1/armv7e-m/fpu/crtbegin.o

.ARM.extab
 *(.ARM.extab* .gnu.linkonce.armextab.*)

.ARM            0x08001ef0        0x0
                0x08001ef0                __exidx_start = .
 *(.ARM.exidx*)
                0x08001ef0                __exidx_end = .

.preinit_array  0x08001ef0        0x0
                0x08001ef0                PROVIDE (__preinit_array_start, .)
 *(.preinit_array*)
                0x08001ef0                PROVIDE (__preinit_array_end, .)

.init_array     0x08001ef0        0x4
                0x08001ef0                PROVIDE (__init_array_start, .)
 *(SORT(.init_array.*))
 *(.init_array*)
 .init_array    0x08001ef0        0x4 /home/kakses/Programy/eclipse/plugins/fr.ac6.mcu.externaltools.arm-none.linux64_1.11.0.201610101240/tools/gcc-arm-none-eabi-5_4-2016q2/bin/../lib/gcc/arm-none-eabi/5.4.1/armv7e-m/fpu/crtbegin.o
                0x08001ef4                PROVIDE (__init_array_end, .)

.fini_array     0x08001ef4        0x4
                [!provide]                PROVIDE (__fini_array_start, .)
 *(SORT(.fini_array.*))
 *(.fini_array*)
 .fini_array    0x08001ef4        0x4 /home/kakses/Programy/eclipse/plugins/fr.ac6.mcu.externaltools.arm-none.linux64_1.11.0.201610101240/tools/gcc-arm-none-eabi-5_4-2016q2/bin/../lib/gcc/arm-none-eabi/5.4.1/armv7e-m/fpu/crtbegin.o
                [!provide]                PROVIDE (__fini_array_end, .)
                0x08001ef8                _sidata = LOADADDR (.data)

.data           0x20000000        0x8 load address 0x08001ef8
                0x20000000                . = ALIGN (0x4)
                0x20000000                _sdata = .
 *(.data)
 .data          0x20000000        0x4 Drivers/CMSIS/system_stm32f4xx.o
                0x20000000                SystemCoreClock
 .data          0x20000004        0x4 Application/User/main.o
                0x20000004                duty
 *(.data*)
                0x20000008                . = ALIGN (0x4)
                0x20000008                _edata = .

.jcr            0x20000008        0x0 load address 0x08001f00
 .jcr           0x20000008        0x0 /home/kakses/Programy/eclipse/plugins/fr.ac6.mcu.externaltools.arm-none.linux64_1.11.0.201610101240/tools/gcc-arm-none-eabi-5_4-2016q2/bin/../lib/gcc/arm-none-eabi/5.4.1/armv7e-m/fpu/crtbegin.o

.igot.plt       0x20000008        0x0 load address 0x08001f00
 .igot.plt      0x20000008        0x0 /home/kakses/Programy/eclipse/plugins/fr.ac6.mcu.externaltools.arm-none.linux64_1.11.0.201610101240/tools/gcc-arm-none-eabi-5_4-2016q2/bin/../lib/gcc/arm-none-eabi/5.4.1/armv7e-m/fpu/crtbegin.o
                0x20000008                . = ALIGN (0x4)

.bss            0x20000008       0x5c load address 0x08001f00
                0x20000008                _sbss = .
                0x20000008                __bss_start__ = _sbss
 *(.bss)
 .bss           0x20000008       0x1c /home/kakses/Programy/eclipse/plugins/fr.ac6.mcu.externaltools.arm-none.linux64_1.11.0.201610101240/tools/gcc-arm-none-eabi-5_4-2016q2/bin/../lib/gcc/arm-none-eabi/5.4.1/armv7e-m/fpu/crtbegin.o
 *(.bss*)
 *(COMMON)
 COMMON         0x20000024        0x4 Drivers/STM32F4xx_HAL_Driver/stm32f4xx_hal.o
                0x20000024                uwTick
 COMMON         0x20000028       0x3c Application/User/main.o
                0x20000028                htim4
                0x20000064                . = ALIGN (0x4)
                0x20000064                _ebss = .
                0x20000064                __bss_end__ = _ebss

._user_heap_stack
                0x20000064      0x604 load address 0x08001f00
                0x20000068                . = ALIGN (0x8)
 *fill*         0x20000064        0x4 
                [!provide]                PROVIDE (end, .)
                [!provide]                PROVIDE (_end, .)
                0x20000268                . = (. + _Min_Heap_Size)
 *fill*         0x20000068      0x200 
                0x20000668                . = (. + _Min_Stack_Size)
 *fill*         0x20000268      0x400 
                0x20000668                . = ALIGN (0x8)

/DISCARD/
 libc.a(*)
 libm.a(*)
 libgcc.a(*)

.ARM.attributes
                0x00000000       0x30
 *(.ARM.attributes)
 .ARM.attributes
                0x00000000       0x22 /home/kakses/Programy/eclipse/plugins/fr.ac6.mcu.externaltools.arm-none.linux64_1.11.0.201610101240/tools/gcc-arm-none-eabi-5_4-2016q2/bin/../lib/gcc/arm-none-eabi/5.4.1/armv7e-m/fpu/crti.o
 .ARM.attributes
                0x00000022       0x34 /home/kakses/Programy/eclipse/plugins/fr.ac6.mcu.externaltools.arm-none.linux64_1.11.0.201610101240/tools/gcc-arm-none-eabi-5_4-2016q2/bin/../lib/gcc/arm-none-eabi/5.4.1/armv7e-m/fpu/crtbegin.o
 .ARM.attributes
                0x00000056       0x39 Drivers/STM32F4xx_HAL_Driver/stm32f4xx_hal.o
 .ARM.attributes
                0x0000008f       0x39 Drivers/STM32F4xx_HAL_Driver/stm32f4xx_hal_cortex.o
 .ARM.attributes
                0x000000c8       0x39 Drivers/STM32F4xx_HAL_Driver/stm32f4xx_hal_gpio.o
 .ARM.attributes
                0x00000101       0x39 Drivers/STM32F4xx_HAL_Driver/stm32f4xx_hal_rcc.o
 .ARM.attributes
                0x0000013a       0x39 Drivers/STM32F4xx_HAL_Driver/stm32f4xx_hal_tim.o
 .ARM.attributes
                0x00000173       0x39 Drivers/STM32F4xx_HAL_Driver/stm32f4xx_hal_tim_ex.o
 .ARM.attributes
                0x000001ac       0x39 Drivers/CMSIS/system_stm32f4xx.o
 .ARM.attributes
                0x000001e5       0x39 Application/User/main.o
 .ARM.attributes
                0x0000021e       0x39 Application/User/stm32f4xx_hal_msp.o
 .ARM.attributes
                0x00000257       0x39 Application/User/stm32f4xx_it.o
 .ARM.attributes
                0x00000290       0x21 Application/SW4STM32/startup_stm32f411xe.o
 .ARM.attributes
                0x000002b1       0x34 /home/kakses/Programy/eclipse/plugins/fr.ac6.mcu.externaltools.arm-none.linux64_1.11.0.201610101240/tools/gcc-arm-none-eabi-5_4-2016q2/bin/../lib/gcc/arm-none-eabi/5.4.1/../../../../arm-none-eabi/lib/armv7e-m/fpu/libc_nano.a(lib_a-init.o)
 .ARM.attributes
                0x000002e5       0x22 /home/kakses/Programy/eclipse/plugins/fr.ac6.mcu.externaltools.arm-none.linux64_1.11.0.201610101240/tools/gcc-arm-none-eabi-5_4-2016q2/bin/../lib/gcc/arm-none-eabi/5.4.1/armv7e-m/fpu/crtn.o
OUTPUT(servo_sample.elf elf32-littlearm)

.debug_info     0x00000000     0x761a
 .debug_info    0x00000000      0x7e8 Drivers/STM32F4xx_HAL_Driver/stm32f4xx_hal.o
 .debug_info    0x000007e8      0xc90 Drivers/STM32F4xx_HAL_Driver/stm32f4xx_hal_cortex.o
 .debug_info    0x00001478      0x749 Drivers/STM32F4xx_HAL_Driver/stm32f4xx_hal_gpio.o
 .debug_info    0x00001bc1      0xb62 Drivers/STM32F4xx_HAL_Driver/stm32f4xx_hal_rcc.o
 .debug_info    0x00002723     0x218a Drivers/STM32F4xx_HAL_Driver/stm32f4xx_hal_tim.o
 .debug_info    0x000048ad      0xf50 Drivers/STM32F4xx_HAL_Driver/stm32f4xx_hal_tim_ex.o
 .debug_info    0x000057fd      0x4ff Drivers/CMSIS/system_stm32f4xx.o
 .debug_info    0x00005cfc      0xc51 Application/User/main.o
 .debug_info    0x0000694d      0xaa1 Application/User/stm32f4xx_hal_msp.o
 .debug_info    0x000073ee      0x145 Application/User/stm32f4xx_it.o
 .debug_info    0x00007533       0xe7 Application/SW4STM32/startup_stm32f411xe.o

.debug_abbrev   0x00000000     0x129a
 .debug_abbrev  0x00000000      0x23a Drivers/STM32F4xx_HAL_Driver/stm32f4xx_hal.o
 .debug_abbrev  0x0000023a      0x2cc Drivers/STM32F4xx_HAL_Driver/stm32f4xx_hal_cortex.o
 .debug_abbrev  0x00000506      0x1af Drivers/STM32F4xx_HAL_Driver/stm32f4xx_hal_gpio.o
 .debug_abbrev  0x000006b5      0x2b3 Drivers/STM32F4xx_HAL_Driver/stm32f4xx_hal_rcc.o
 .debug_abbrev  0x00000968      0x21a Drivers/STM32F4xx_HAL_Driver/stm32f4xx_hal_tim.o
 .debug_abbrev  0x00000b82      0x211 Drivers/STM32F4xx_HAL_Driver/stm32f4xx_hal_tim_ex.o
 .debug_abbrev  0x00000d93      0x104 Drivers/CMSIS/system_stm32f4xx.o
 .debug_abbrev  0x00000e97      0x1d6 Application/User/main.o
 .debug_abbrev  0x0000106d      0x199 Application/User/stm32f4xx_hal_msp.o
 .debug_abbrev  0x00001206       0x82 Application/User/stm32f4xx_it.o
 .debug_abbrev  0x00001288       0x12 Application/SW4STM32/startup_stm32f411xe.o

.debug_aranges  0x00000000      0x878
 .debug_aranges
                0x00000000       0xc0 Drivers/STM32F4xx_HAL_Driver/stm32f4xx_hal.o
 .debug_aranges
                0x000000c0      0x108 Drivers/STM32F4xx_HAL_Driver/stm32f4xx_hal_cortex.o
 .debug_aranges
                0x000001c8       0x58 Drivers/STM32F4xx_HAL_Driver/stm32f4xx_hal_gpio.o
 .debug_aranges
                0x00000220       0x88 Drivers/STM32F4xx_HAL_Driver/stm32f4xx_hal_rcc.o
 .debug_aranges
                0x000002a8      0x368 Drivers/STM32F4xx_HAL_Driver/stm32f4xx_hal_tim.o
 .debug_aranges
                0x00000610      0x140 Drivers/STM32F4xx_HAL_Driver/stm32f4xx_hal_tim_ex.o
 .debug_aranges
                0x00000750       0x28 Drivers/CMSIS/system_stm32f4xx.o
 .debug_aranges
                0x00000778       0x40 Application/User/main.o
 .debug_aranges
                0x000007b8       0x38 Application/User/stm32f4xx_hal_msp.o
 .debug_aranges
                0x000007f0       0x60 Application/User/stm32f4xx_it.o
 .debug_aranges
                0x00000850       0x28 Application/SW4STM32/startup_stm32f411xe.o

.debug_ranges   0x00000000      0x7d0
 .debug_ranges  0x00000000       0xb0 Drivers/STM32F4xx_HAL_Driver/stm32f4xx_hal.o
 .debug_ranges  0x000000b0       0xf8 Drivers/STM32F4xx_HAL_Driver/stm32f4xx_hal_cortex.o
 .debug_ranges  0x000001a8       0x48 Drivers/STM32F4xx_HAL_Driver/stm32f4xx_hal_gpio.o
 .debug_ranges  0x000001f0       0x78 Drivers/STM32F4xx_HAL_Driver/stm32f4xx_hal_rcc.o
 .debug_ranges  0x00000268      0x358 Drivers/STM32F4xx_HAL_Driver/stm32f4xx_hal_tim.o
 .debug_ranges  0x000005c0      0x130 Drivers/STM32F4xx_HAL_Driver/stm32f4xx_hal_tim_ex.o
 .debug_ranges  0x000006f0       0x18 Drivers/CMSIS/system_stm32f4xx.o
 .debug_ranges  0x00000708       0x30 Application/User/main.o
 .debug_ranges  0x00000738       0x28 Application/User/stm32f4xx_hal_msp.o
 .debug_ranges  0x00000760       0x50 Application/User/stm32f4xx_it.o
 .debug_ranges  0x000007b0       0x20 Application/SW4STM32/startup_stm32f411xe.o

.debug_macro    0x00000000     0xf368
 .debug_macro   0x00000000      0x34d Drivers/STM32F4xx_HAL_Driver/stm32f4xx_hal.o
 .debug_macro   0x0000034d      0x898 Drivers/STM32F4xx_HAL_Driver/stm32f4xx_hal.o
 .debug_macro   0x00000be5      0x179 Drivers/STM32F4xx_HAL_Driver/stm32f4xx_hal.o
 .debug_macro   0x00000d5e       0x31 Drivers/STM32F4xx_HAL_Driver/stm32f4xx_hal.o
 .debug_macro   0x00000d8f       0x28 Drivers/STM32F4xx_HAL_Driver/stm32f4xx_hal.o
 .debug_macro   0x00000db7       0x22 Drivers/STM32F4xx_HAL_Driver/stm32f4xx_hal.o
 .debug_macro   0x00000dd9       0x87 Drivers/STM32F4xx_HAL_Driver/stm32f4xx_hal.o
 .debug_macro   0x00000e60       0x44 Drivers/STM32F4xx_HAL_Driver/stm32f4xx_hal.o
 .debug_macro   0x00000ea4       0xfd Drivers/STM32F4xx_HAL_Driver/stm32f4xx_hal.o
 .debug_macro   0x00000fa1       0x5e Drivers/STM32F4xx_HAL_Driver/stm32f4xx_hal.o
 .debug_macro   0x00000fff      0x1df Drivers/STM32F4xx_HAL_Driver/stm32f4xx_hal.o
 .debug_macro   0x000011de       0x35 Drivers/STM32F4xx_HAL_Driver/stm32f4xx_hal.o
 .debug_macro   0x00001213       0x50 Drivers/STM32F4xx_HAL_Driver/stm32f4xx_hal.o
 .debug_macro   0x00001263      0xe66 Drivers/STM32F4xx_HAL_Driver/stm32f4xx_hal.o
 .debug_macro   0x000020c9     0x5102 Drivers/STM32F4xx_HAL_Driver/stm32f4xx_hal.o
 .debug_macro   0x000071cb       0x43 Drivers/STM32F4xx_HAL_Driver/stm32f4xx_hal.o
 .debug_macro   0x0000720e     0x347f Drivers/STM32F4xx_HAL_Driver/stm32f4xx_hal.o
 .debug_macro   0x0000a68d       0x52 Drivers/STM32F4xx_HAL_Driver/stm32f4xx_hal.o
 .debug_macro   0x0000a6df       0x35 Drivers/STM32F4xx_HAL_Driver/stm32f4xx_hal.o
 .debug_macro   0x0000a714       0x9c Drivers/STM32F4xx_HAL_Driver/stm32f4xx_hal.o
 .debug_macro   0x0000a7b0       0x16 Drivers/STM32F4xx_HAL_Driver/stm32f4xx_hal.o
 .debug_macro   0x0000a7c6       0x97 Drivers/STM32F4xx_HAL_Driver/stm32f4xx_hal.o
 .debug_macro   0x0000a85d      0x30d Drivers/STM32F4xx_HAL_Driver/stm32f4xx_hal.o
 .debug_macro   0x0000ab6a       0xfd Drivers/STM32F4xx_HAL_Driver/stm32f4xx_hal.o
 .debug_macro   0x0000ac67       0x10 Drivers/STM32F4xx_HAL_Driver/stm32f4xx_hal.o
 .debug_macro   0x0000ac77       0x52 Drivers/STM32F4xx_HAL_Driver/stm32f4xx_hal.o
 .debug_macro   0x0000acc9       0x1f Drivers/STM32F4xx_HAL_Driver/stm32f4xx_hal.o
 .debug_macro   0x0000ace8       0x43 Drivers/STM32F4xx_HAL_Driver/stm32f4xx_hal.o
 .debug_macro   0x0000ad2b       0x20 Drivers/STM32F4xx_HAL_Driver/stm32f4xx_hal.o
 .debug_macro   0x0000ad4b      0x187 Drivers/STM32F4xx_HAL_Driver/stm32f4xx_hal.o
 .debug_macro   0x0000aed2       0x10 Drivers/STM32F4xx_HAL_Driver/stm32f4xx_hal.o
 .debug_macro   0x0000aee2       0x1c Drivers/STM32F4xx_HAL_Driver/stm32f4xx_hal.o
 .debug_macro   0x0000aefe       0x52 Drivers/STM32F4xx_HAL_Driver/stm32f4xx_hal.o
 .debug_macro   0x0000af50       0x40 Drivers/STM32F4xx_HAL_Driver/stm32f4xx_hal.o
 .debug_macro   0x0000af90       0x10 Drivers/STM32F4xx_HAL_Driver/stm32f4xx_hal.o
 .debug_macro   0x0000afa0       0x40 Drivers/STM32F4xx_HAL_Driver/stm32f4xx_hal.o
 .debug_macro   0x0000afe0       0xd7 Drivers/STM32F4xx_HAL_Driver/stm32f4xx_hal.o
 .debug_macro   0x0000b0b7       0x16 Drivers/STM32F4xx_HAL_Driver/stm32f4xx_hal.o
 .debug_macro   0x0000b0cd      0x189 Drivers/STM32F4xx_HAL_Driver/stm32f4xx_hal.o
 .debug_macro   0x0000b256       0x50 Drivers/STM32F4xx_HAL_Driver/stm32f4xx_hal.o
 .debug_macro   0x0000b2a6      0x45c Drivers/STM32F4xx_HAL_Driver/stm32f4xx_hal.o
 .debug_macro   0x0000b702      0x9e1 Drivers/STM32F4xx_HAL_Driver/stm32f4xx_hal.o
 .debug_macro   0x0000c0e3      0x11e Drivers/STM32F4xx_HAL_Driver/stm32f4xx_hal.o
 .debug_macro   0x0000c201      0x11b Drivers/STM32F4xx_HAL_Driver/stm32f4xx_hal.o
 .debug_macro   0x0000c31c       0x27 Drivers/STM32F4xx_HAL_Driver/stm32f4xx_hal.o
 .debug_macro   0x0000c343      0x287 Drivers/STM32F4xx_HAL_Driver/stm32f4xx_hal.o
 .debug_macro   0x0000c5ca       0x5f Drivers/STM32F4xx_HAL_Driver/stm32f4xx_hal.o
 .debug_macro   0x0000c629      0x23a Drivers/STM32F4xx_HAL_Driver/stm32f4xx_hal.o
 .debug_macro   0x0000c863      0x13a Drivers/STM32F4xx_HAL_Driver/stm32f4xx_hal.o
 .debug_macro   0x0000c99d      0x264 Drivers/STM32F4xx_HAL_Driver/stm32f4xx_hal.o
 .debug_macro   0x0000cc01       0x2e Drivers/STM32F4xx_HAL_Driver/stm32f4xx_hal.o
 .debug_macro   0x0000cc2f      0x11e Drivers/STM32F4xx_HAL_Driver/stm32f4xx_hal.o
 .debug_macro   0x0000cd4d       0x85 Drivers/STM32F4xx_HAL_Driver/stm32f4xx_hal.o
 .debug_macro   0x0000cdd2       0x89 Drivers/STM32F4xx_HAL_Driver/stm32f4xx_hal.o
 .debug_macro   0x0000ce5b      0x6d9 Drivers/STM32F4xx_HAL_Driver/stm32f4xx_hal.o
 .debug_macro   0x0000d534       0x5b Drivers/STM32F4xx_HAL_Driver/stm32f4xx_hal.o
 .debug_macro   0x0000d58f      0x14d Drivers/STM32F4xx_HAL_Driver/stm32f4xx_hal.o
 .debug_macro   0x0000d6dc      0x11e Drivers/STM32F4xx_HAL_Driver/stm32f4xx_hal.o
 .debug_macro   0x0000d7fa      0x2ff Drivers/STM32F4xx_HAL_Driver/stm32f4xx_hal_cortex.o
 .debug_macro   0x0000daf9      0x337 Drivers/STM32F4xx_HAL_Driver/stm32f4xx_hal_gpio.o
 .debug_macro   0x0000de30      0x329 Drivers/STM32F4xx_HAL_Driver/stm32f4xx_hal_rcc.o
 .debug_macro   0x0000e159      0x300 Drivers/STM32F4xx_HAL_Driver/stm32f4xx_hal_tim.o
 .debug_macro   0x0000e459      0x2ff Drivers/STM32F4xx_HAL_Driver/stm32f4xx_hal_tim_ex.o
 .debug_macro   0x0000e758      0x305 Drivers/CMSIS/system_stm32f4xx.o
 .debug_macro   0x0000ea5d      0x303 Application/User/main.o
 .debug_macro   0x0000ed60      0x2ff Application/User/stm32f4xx_hal_msp.o
 .debug_macro   0x0000f05f      0x309 Application/User/stm32f4xx_it.o

.debug_line     0x00000000     0x73b4
 .debug_line    0x00000000      0x9ea Drivers/STM32F4xx_HAL_Driver/stm32f4xx_hal.o
 .debug_line    0x000009ea      0xb1a Drivers/STM32F4xx_HAL_Driver/stm32f4xx_hal_cortex.o
 .debug_line    0x00001504      0x9e9 Drivers/STM32F4xx_HAL_Driver/stm32f4xx_hal_gpio.o
 .debug_line    0x00001eed      0xb3a Drivers/STM32F4xx_HAL_Driver/stm32f4xx_hal_rcc.o
 .debug_line    0x00002a27     0x17e8 Drivers/STM32F4xx_HAL_Driver/stm32f4xx_hal_tim.o
 .debug_line    0x0000420f      0xe05 Drivers/STM32F4xx_HAL_Driver/stm32f4xx_hal_tim_ex.o
 .debug_line    0x00005014      0x88f Drivers/CMSIS/system_stm32f4xx.o
 .debug_line    0x000058a3      0x8e6 Application/User/main.o
 .debug_line    0x00006189      0x87a Application/User/stm32f4xx_hal_msp.o
 .debug_line    0x00006a03      0x8d9 Application/User/stm32f4xx_it.o
 .debug_line    0x000072dc       0xd8 Application/SW4STM32/startup_stm32f411xe.o

.debug_str      0x00000000    0x577a4
 .debug_str     0x00000000    0x5545f Drivers/STM32F4xx_HAL_Driver/stm32f4xx_hal.o
                              0x557d1 (size before relaxing)
 .debug_str     0x0005545f      0x3fc Drivers/STM32F4xx_HAL_Driver/stm32f4xx_hal_cortex.o
                              0x55663 (size before relaxing)
 .debug_str     0x0005585b      0x31c Drivers/STM32F4xx_HAL_Driver/stm32f4xx_hal_gpio.o
                              0x551f7 (size before relaxing)
 .debug_str     0x00055b77      0x3c7 Drivers/STM32F4xx_HAL_Driver/stm32f4xx_hal_rcc.o
                              0x5536e (size before relaxing)
 .debug_str     0x00055f3e     0x1095 Drivers/STM32F4xx_HAL_Driver/stm32f4xx_hal_tim.o
                              0x55f26 (size before relaxing)
 .debug_str     0x00056fd3      0x54c Drivers/STM32F4xx_HAL_Driver/stm32f4xx_hal_tim_ex.o
                              0x557d9 (size before relaxing)
 .debug_str     0x0005751f       0xb3 Drivers/CMSIS/system_stm32f4xx.o
                              0x54fa0 (size before relaxing)
 .debug_str     0x000575d2       0x8d Application/User/main.o
                              0x558e5 (size before relaxing)
 .debug_str     0x0005765f       0x63 Application/User/stm32f4xx_hal_msp.o
                              0x55730 (size before relaxing)
 .debug_str     0x000576c2       0xe2 Application/User/stm32f4xx_it.o
                              0x54e18 (size before relaxing)

.comment        0x00000000       0x6e
 .comment       0x00000000       0x6e Drivers/STM32F4xx_HAL_Driver/stm32f4xx_hal.o
                                 0x6f (size before relaxing)
 .comment       0x0000006e       0x6f Drivers/STM32F4xx_HAL_Driver/stm32f4xx_hal_cortex.o
 .comment       0x0000006e       0x6f Drivers/STM32F4xx_HAL_Driver/stm32f4xx_hal_gpio.o
 .comment       0x0000006e       0x6f Drivers/STM32F4xx_HAL_Driver/stm32f4xx_hal_rcc.o
 .comment       0x0000006e       0x6f Drivers/STM32F4xx_HAL_Driver/stm32f4xx_hal_tim.o
 .comment       0x0000006e       0x6f Drivers/STM32F4xx_HAL_Driver/stm32f4xx_hal_tim_ex.o
 .comment       0x0000006e       0x6f Drivers/CMSIS/system_stm32f4xx.o
 .comment       0x0000006e       0x6f Application/User/main.o
 .comment       0x0000006e       0x6f Application/User/stm32f4xx_hal_msp.o
 .comment       0x0000006e       0x6f Application/User/stm32f4xx_it.o

.debug_frame    0x00000000     0x2268
 .debug_frame   0x00000000      0x2c0 Drivers/STM32F4xx_HAL_Driver/stm32f4xx_hal.o
 .debug_frame   0x000002c0      0x450 Drivers/STM32F4xx_HAL_Driver/stm32f4xx_hal_cortex.o
 .debug_frame   0x00000710      0x14c Drivers/STM32F4xx_HAL_Driver/stm32f4xx_hal_gpio.o
 .debug_frame   0x0000085c      0x200 Drivers/STM32F4xx_HAL_Driver/stm32f4xx_hal_rcc.o
 .debug_frame   0x00000a5c      0xfb4 Drivers/STM32F4xx_HAL_Driver/stm32f4xx_hal_tim.o
 .debug_frame   0x00001a10      0x574 Drivers/STM32F4xx_HAL_Driver/stm32f4xx_hal_tim_ex.o
 .debug_frame   0x00001f84       0x58 Drivers/CMSIS/system_stm32f4xx.o
 .debug_frame   0x00001fdc       0xb4 Application/User/main.o
 .debug_frame   0x00002090       0xa0 Application/User/stm32f4xx_hal_msp.o
 .debug_frame   0x00002130      0x10c Application/User/stm32f4xx_it.o
 .debug_frame   0x0000223c       0x2c /home/kakses/Programy/eclipse/plugins/fr.ac6.mcu.externaltools.arm-none.linux64_1.11.0.201610101240/tools/gcc-arm-none-eabi-5_4-2016q2/bin/../lib/gcc/arm-none-eabi/5.4.1/../../../../arm-none-eabi/lib/armv7e-m/fpu/libc_nano.a(lib_a-init.o)
