Archive member included to satisfy reference by file (symbol)

/home/kakses/Programy/eclipse/plugins/fr.ac6.mcu.externaltools.arm-none.linux64_1.11.0.201610101240/tools/gcc-arm-none-eabi-5_4-2016q2/bin/../lib/gcc/arm-none-eabi/5.4.1/../../../../arm-none-eabi/lib/armv7e-m/fpu/libc_nano.a(lib_a-exit.o)
                              /home/kakses/Programy/eclipse/plugins/fr.ac6.mcu.externaltools.arm-none.linux64_1.11.0.201610101240/tools/gcc-arm-none-eabi-5_4-2016q2/bin/../lib/gcc/arm-none-eabi/5.4.1/../../../../arm-none-eabi/lib/armv7e-m/fpu/crt0.o (exit)
/home/kakses/Programy/eclipse/plugins/fr.ac6.mcu.externaltools.arm-none.linux64_1.11.0.201610101240/tools/gcc-arm-none-eabi-5_4-2016q2/bin/../lib/gcc/arm-none-eabi/5.4.1/../../../../arm-none-eabi/lib/armv7e-m/fpu/libc_nano.a(lib_a-impure.o)
                              /home/kakses/Programy/eclipse/plugins/fr.ac6.mcu.externaltools.arm-none.linux64_1.11.0.201610101240/tools/gcc-arm-none-eabi-5_4-2016q2/bin/../lib/gcc/arm-none-eabi/5.4.1/../../../../arm-none-eabi/lib/armv7e-m/fpu/libc_nano.a(lib_a-exit.o) (_global_impure_ptr)
/home/kakses/Programy/eclipse/plugins/fr.ac6.mcu.externaltools.arm-none.linux64_1.11.0.201610101240/tools/gcc-arm-none-eabi-5_4-2016q2/bin/../lib/gcc/arm-none-eabi/5.4.1/../../../../arm-none-eabi/lib/armv7e-m/fpu/libc_nano.a(lib_a-init.o)
                              /home/kakses/Programy/eclipse/plugins/fr.ac6.mcu.externaltools.arm-none.linux64_1.11.0.201610101240/tools/gcc-arm-none-eabi-5_4-2016q2/bin/../lib/gcc/arm-none-eabi/5.4.1/../../../../arm-none-eabi/lib/armv7e-m/fpu/crt0.o (__libc_init_array)
/home/kakses/Programy/eclipse/plugins/fr.ac6.mcu.externaltools.arm-none.linux64_1.11.0.201610101240/tools/gcc-arm-none-eabi-5_4-2016q2/bin/../lib/gcc/arm-none-eabi/5.4.1/../../../../arm-none-eabi/lib/armv7e-m/fpu/libc_nano.a(lib_a-memset.o)
                              /home/kakses/Programy/eclipse/plugins/fr.ac6.mcu.externaltools.arm-none.linux64_1.11.0.201610101240/tools/gcc-arm-none-eabi-5_4-2016q2/bin/../lib/gcc/arm-none-eabi/5.4.1/../../../../arm-none-eabi/lib/armv7e-m/fpu/crt0.o (memset)
/home/kakses/Programy/eclipse/plugins/fr.ac6.mcu.externaltools.arm-none.linux64_1.11.0.201610101240/tools/gcc-arm-none-eabi-5_4-2016q2/bin/../lib/gcc/arm-none-eabi/5.4.1/../../../../arm-none-eabi/lib/armv7e-m/fpu/libnosys.a(_exit.o)
                              /home/kakses/Programy/eclipse/plugins/fr.ac6.mcu.externaltools.arm-none.linux64_1.11.0.201610101240/tools/gcc-arm-none-eabi-5_4-2016q2/bin/../lib/gcc/arm-none-eabi/5.4.1/../../../../arm-none-eabi/lib/armv7e-m/fpu/libc_nano.a(lib_a-exit.o) (_exit)

Allocating common symbols
Common symbol       size              file

lastcnt             0x4               Application/User/main.o
uwTick              0x4               Drivers/STM32F4xx_HAL_Driver/stm32f4xx_hal.o
pFlash              0x20              Drivers/STM32F4xx_HAL_Driver/stm32f4xx_hal_flash.o
delta               0x4               Application/User/main.o
time                0x4               Application/User/main.o
htim9               0x3c              Application/User/main.o

Discarded input sections

 .text          0x00000000        0x0 /home/kakses/Programy/eclipse/plugins/fr.ac6.mcu.externaltools.arm-none.linux64_1.11.0.201610101240/tools/gcc-arm-none-eabi-5_4-2016q2/bin/../lib/gcc/arm-none-eabi/5.4.1/armv7e-m/fpu/crti.o
 .data          0x00000000        0x0 /home/kakses/Programy/eclipse/plugins/fr.ac6.mcu.externaltools.arm-none.linux64_1.11.0.201610101240/tools/gcc-arm-none-eabi-5_4-2016q2/bin/../lib/gcc/arm-none-eabi/5.4.1/armv7e-m/fpu/crti.o
 .bss           0x00000000        0x0 /home/kakses/Programy/eclipse/plugins/fr.ac6.mcu.externaltools.arm-none.linux64_1.11.0.201610101240/tools/gcc-arm-none-eabi-5_4-2016q2/bin/../lib/gcc/arm-none-eabi/5.4.1/armv7e-m/fpu/crti.o
 .data          0x00000000        0x4 /home/kakses/Programy/eclipse/plugins/fr.ac6.mcu.externaltools.arm-none.linux64_1.11.0.201610101240/tools/gcc-arm-none-eabi-5_4-2016q2/bin/../lib/gcc/arm-none-eabi/5.4.1/armv7e-m/fpu/crtbegin.o
 .text          0x00000000       0x74 /home/kakses/Programy/eclipse/plugins/fr.ac6.mcu.externaltools.arm-none.linux64_1.11.0.201610101240/tools/gcc-arm-none-eabi-5_4-2016q2/bin/../lib/gcc/arm-none-eabi/5.4.1/../../../../arm-none-eabi/lib/armv7e-m/fpu/crt0.o
 .data          0x00000000        0x0 /home/kakses/Programy/eclipse/plugins/fr.ac6.mcu.externaltools.arm-none.linux64_1.11.0.201610101240/tools/gcc-arm-none-eabi-5_4-2016q2/bin/../lib/gcc/arm-none-eabi/5.4.1/../../../../arm-none-eabi/lib/armv7e-m/fpu/crt0.o
 .bss           0x00000000        0x0 /home/kakses/Programy/eclipse/plugins/fr.ac6.mcu.externaltools.arm-none.linux64_1.11.0.201610101240/tools/gcc-arm-none-eabi-5_4-2016q2/bin/../lib/gcc/arm-none-eabi/5.4.1/../../../../arm-none-eabi/lib/armv7e-m/fpu/crt0.o
[...]
Memory Configuration

Name             Origin             Length             Attributes
RAM              0x20000000         0x00020000         xrw
FLASH            0x08000000         0x00080000         xr
*default*        0x00000000         0xffffffff

Linker script and memory map

LOAD /home/kakses/Programy/eclipse/plugins/fr.ac6.mcu.externaltools.arm-none.linux64_1.11.0.201610101240/tools/gcc-arm-none-eabi-5_4-2016q2/bin/../lib/gcc/arm-none-eabi/5.4.1/armv7e-m/fpu/crti.o
LOAD /home/kakses/Programy/eclipse/plugins/fr.ac6.mcu.externaltools.arm-none.linux64_1.11.0.201610101240/tools/gcc-arm-none-eabi-5_4-2016q2/bin/../lib/gcc/arm-none-eabi/5.4.1/armv7e-m/fpu/crtbegin.o
LOAD /home/kakses/Programy/eclipse/plugins/fr.ac6.mcu.externaltools.arm-none.linux64_1.11.0.201610101240/tools/gcc-arm-none-eabi-5_4-2016q2/bin/../lib/gcc/arm-none-eabi/5.4.1/../../../../arm-none-eabi/lib/armv7e-m/fpu/crt0.o
LOAD /home/kakses/Programy/eclipse/plugins/fr.ac6.mcu.externaltools.arm-none.linux64_1.11.0.201610101240/tools/gcc-arm-none-eabi-5_4-2016q2/bin/../lib/gcc/arm-none-eabi/5.4.1/../../../../arm-none-eabi/lib/armv7e-m/fpu/libm.a
LOAD Drivers/STM32F4xx_HAL_Driver/stm32f4xx_hal.o
LOAD Drivers/STM32F4xx_HAL_Driver/stm32f4xx_hal_cortex.o
LOAD Drivers/STM32F4xx_HAL_Driver/stm32f4xx_hal_dma.o
LOAD Drivers/STM32F4xx_HAL_Driver/stm32f4xx_hal_dma_ex.o
LOAD Drivers/STM32F4xx_HAL_Driver/stm32f4xx_hal_flash.o
LOAD Drivers/STM32F4xx_HAL_Driver/stm32f4xx_hal_flash_ex.o
LOAD Drivers/STM32F4xx_HAL_Driver/stm32f4xx_hal_flash_ramfunc.o
LOAD Drivers/STM32F4xx_HAL_Driver/stm32f4xx_hal_gpio.o
LOAD Drivers/STM32F4xx_HAL_Driver/stm32f4xx_hal_pwr.o
LOAD Drivers/STM32F4xx_HAL_Driver/stm32f4xx_hal_pwr_ex.o
LOAD Drivers/STM32F4xx_HAL_Driver/stm32f4xx_hal_rcc.o
LOAD Drivers/STM32F4xx_HAL_Driver/stm32f4xx_hal_rcc_ex.o
LOAD Drivers/STM32F4xx_HAL_Driver/stm32f4xx_hal_tim.o
LOAD Drivers/STM32F4xx_HAL_Driver/stm32f4xx_hal_tim_ex.o
LOAD Drivers/CMSIS/system_stm32f4xx.o
LOAD Application/User/main.o
LOAD Application/User/stm32f4xx_hal_msp.o
LOAD Application/User/stm32f4xx_it.o
LOAD Application/SW4STM32/startup_stm32f411xe.o
START GROUP
LOAD /home/kakses/Programy/eclipse/plugins/fr.ac6.mcu.externaltools.arm-none.linux64_1.11.0.201610101240/tools/gcc-arm-none-eabi-5_4-2016q2/bin/../lib/gcc/arm-none-eabi/5.4.1/armv7e-m/fpu/libgcc.a
LOAD /home/kakses/Programy/eclipse/plugins/fr.ac6.mcu.externaltools.arm-none.linux64_1.11.0.201610101240/tools/gcc-arm-none-eabi-5_4-2016q2/bin/../lib/gcc/arm-none-eabi/5.4.1/../../../../arm-none-eabi/lib/armv7e-m/fpu/libc_nano.a
END GROUP
START GROUP
LOAD /home/kakses/Programy/eclipse/plugins/fr.ac6.mcu.externaltools.arm-none.linux64_1.11.0.201610101240/tools/gcc-arm-none-eabi-5_4-2016q2/bin/../lib/gcc/arm-none-eabi/5.4.1/armv7e-m/fpu/libgcc.a
LOAD /home/kakses/Programy/eclipse/plugins/fr.ac6.mcu.externaltools.arm-none.linux64_1.11.0.201610101240/tools/gcc-arm-none-eabi-5_4-2016q2/bin/../lib/gcc/arm-none-eabi/5.4.1/../../../../arm-none-eabi/lib/armv7e-m/fpu/libc_nano.a
LOAD /home/kakses/Programy/eclipse/plugins/fr.ac6.mcu.externaltools.arm-none.linux64_1.11.0.201610101240/tools/gcc-arm-none-eabi-5_4-2016q2/bin/../lib/gcc/arm-none-eabi/5.4.1/../../../../arm-none-eabi/lib/armv7e-m/fpu/libnosys.a
END GROUP
START GROUP
LOAD /home/kakses/Programy/eclipse/plugins/fr.ac6.mcu.externaltools.arm-none.linux64_1.11.0.201610101240/tools/gcc-arm-none-eabi-5_4-2016q2/bin/../lib/gcc/arm-none-eabi/5.4.1/armv7e-m/fpu/libgcc.a
LOAD /home/kakses/Programy/eclipse/plugins/fr.ac6.mcu.externaltools.arm-none.linux64_1.11.0.201610101240/tools/gcc-arm-none-eabi-5_4-2016q2/bin/../lib/gcc/arm-none-eabi/5.4.1/../../../../arm-none-eabi/lib/armv7e-m/fpu/libc_nano.a
LOAD /home/kakses/Programy/eclipse/plugins/fr.ac6.mcu.externaltools.arm-none.linux64_1.11.0.201610101240/tools/gcc-arm-none-eabi-5_4-2016q2/bin/../lib/gcc/arm-none-eabi/5.4.1/../../../../arm-none-eabi/lib/armv7e-m/fpu/libnosys.a
END GROUP
LOAD /home/kakses/Programy/eclipse/plugins/fr.ac6.mcu.externaltools.arm-none.linux64_1.11.0.201610101240/tools/gcc-arm-none-eabi-5_4-2016q2/bin/../lib/gcc/arm-none-eabi/5.4.1/armv7e-m/fpu/crtend.o
LOAD /home/kakses/Programy/eclipse/plugins/fr.ac6.mcu.externaltools.arm-none.linux64_1.11.0.201610101240/tools/gcc-arm-none-eabi-5_4-2016q2/bin/../lib/gcc/arm-none-eabi/5.4.1/armv7e-m/fpu/crtn.o
                0x20020000                _estack = 0x20020000
                0x00000200                _Min_Heap_Size = 0x200
                0x00000400                _Min_Stack_Size = 0x400

.isr_vector     0x08000000      0x198
                0x08000000                . = ALIGN (0x4)
 *(.isr_vector)
 .isr_vector    0x08000000      0x198 Application/SW4STM32/startup_stm32f411xe.o
                0x08000000                g_pfnVectors
                0x08000198                . = ALIGN (0x4)

.text           0x08000198     0x19dc
                0x08000198                . = ALIGN (0x4)
 *(.text)
 .text          0x08000198       0x5c /home/kakses/Programy/eclipse/plugins/fr.ac6.mcu.externaltools.arm-none.linux64_1.11.0.201610101240/tools/gcc-arm-none-eabi-5_4-2016q2/bin/../lib/gcc/arm-none-eabi/5.4.1/armv7e-m/fpu/crtbegin.o
 *(.text*)
 .text.HAL_Init
                0x080001f4       0x44 Drivers/STM32F4xx_HAL_Driver/stm32f4xx_hal.o
                0x080001f4                HAL_Init
 .text.HAL_InitTick
                0x08000238       0x38 Drivers/STM32F4xx_HAL_Driver/stm32f4xx_hal.o
                0x08000238                HAL_InitTick
 .text.HAL_IncTick
                0x08000270       0x1c Drivers/STM32F4xx_HAL_Driver/stm32f4xx_hal.o
                0x08000270                HAL_IncTick
 .text.HAL_GetTick
                0x0800028c       0x18 Drivers/STM32F4xx_HAL_Driver/stm32f4xx_hal.o
                0x0800028c                HAL_GetTick
 .text.NVIC_SetPriorityGrouping
                0x080002a4       0x48 Drivers/STM32F4xx_HAL_Driver/stm32f4xx_hal_cortex.o
 .text.NVIC_GetPriorityGrouping
                0x080002ec       0x1c Drivers/STM32F4xx_HAL_Driver/stm32f4xx_hal_cortex.o
 .text.NVIC_EnableIRQ
                0x08000308       0x34 Drivers/STM32F4xx_HAL_Driver/stm32f4xx_hal_cortex.o
 .text.NVIC_SetPriority
                0x0800033c       0x54 Drivers/STM32F4xx_HAL_Driver/stm32f4xx_hal_cortex.o
 .text.NVIC_EncodePriority
                0x08000390       0x64 Drivers/STM32F4xx_HAL_Driver/stm32f4xx_hal_cortex.o
 .text.SysTick_Config
                0x080003f4       0x44 Drivers/STM32F4xx_HAL_Driver/stm32f4xx_hal_cortex.o
 .text.HAL_NVIC_SetPriorityGrouping
                0x08000438       0x18 Drivers/STM32F4xx_HAL_Driver/stm32f4xx_hal_cortex.o
                0x08000438                HAL_NVIC_SetPriorityGrouping
 .text.HAL_NVIC_SetPriority
                0x08000450       0x38 Drivers/STM32F4xx_HAL_Driver/stm32f4xx_hal_cortex.o
                0x08000450                HAL_NVIC_SetPriority
 .text.HAL_NVIC_EnableIRQ
                0x08000488       0x1c Drivers/STM32F4xx_HAL_Driver/stm32f4xx_hal_cortex.o
                0x08000488                HAL_NVIC_EnableIRQ
 .text.HAL_SYSTICK_Config
                0x080004a4       0x18 Drivers/STM32F4xx_HAL_Driver/stm32f4xx_hal_cortex.o
                0x080004a4                HAL_SYSTICK_Config
 .text.HAL_SYSTICK_CLKSourceConfig
                0x080004bc       0x38 Drivers/STM32F4xx_HAL_Driver/stm32f4xx_hal_cortex.o
                0x080004bc                HAL_SYSTICK_CLKSourceConfig
 .text.HAL_SYSTICK_IRQHandler
                0x080004f4        0xc Drivers/STM32F4xx_HAL_Driver/stm32f4xx_hal_cortex.o
                0x080004f4                HAL_SYSTICK_IRQHandler
 .text.HAL_SYSTICK_Callback
                0x08000500       0x10 Drivers/STM32F4xx_HAL_Driver/stm32f4xx_hal_cortex.o
                0x08000500                HAL_SYSTICK_Callback
 .text.HAL_GPIO_Init
                0x08000510      0x304 Drivers/STM32F4xx_HAL_Driver/stm32f4xx_hal_gpio.o
                0x08000510                HAL_GPIO_Init
 .text.HAL_GPIO_WritePin
                0x08000814       0x34 Drivers/STM32F4xx_HAL_Driver/stm32f4xx_hal_gpio.o
                0x08000814                HAL_GPIO_WritePin
 .text.HAL_GPIO_TogglePin
                0x08000848       0x24 Drivers/STM32F4xx_HAL_Driver/stm32f4xx_hal_gpio.o
                0x08000848                HAL_GPIO_TogglePin
 .text.HAL_RCC_OscConfig
                0x0800086c      0x424 Drivers/STM32F4xx_HAL_Driver/stm32f4xx_hal_rcc.o
                0x0800086c                HAL_RCC_OscConfig
 .text.HAL_RCC_ClockConfig
                0x08000c90      0x224 Drivers/STM32F4xx_HAL_Driver/stm32f4xx_hal_rcc.o
                0x08000c90                HAL_RCC_ClockConfig
 .text.HAL_RCC_GetSysClockFreq
                0x08000eb4       0xfc Drivers/STM32F4xx_HAL_Driver/stm32f4xx_hal_rcc.o
                0x08000eb4                HAL_RCC_GetSysClockFreq
 .text.HAL_RCC_GetHCLKFreq
                0x08000fb0       0x18 Drivers/STM32F4xx_HAL_Driver/stm32f4xx_hal_rcc.o
                0x08000fb0                HAL_RCC_GetHCLKFreq
 .text.HAL_TIM_Base_Init
                0x08000fc8       0x58 Drivers/STM32F4xx_HAL_Driver/stm32f4xx_hal_tim.o
                0x08000fc8                HAL_TIM_Base_Init
 .text.HAL_TIM_Base_Start_IT
                0x08001020       0x38 Drivers/STM32F4xx_HAL_Driver/stm32f4xx_hal_tim.o
                0x08001020                HAL_TIM_Base_Start_IT
 .text.HAL_TIM_IRQHandler
                0x08001058      0x210 Drivers/STM32F4xx_HAL_Driver/stm32f4xx_hal_tim.o
                0x08001058                HAL_TIM_IRQHandler
 .text.HAL_TIM_ConfigClockSource
                0x08001268      0x1b8 Drivers/STM32F4xx_HAL_Driver/stm32f4xx_hal_tim.o
                0x08001268                HAL_TIM_ConfigClockSource
 .text.HAL_TIM_OC_DelayElapsedCallback
                0x08001420       0x14 Drivers/STM32F4xx_HAL_Driver/stm32f4xx_hal_tim.o
                0x08001420                HAL_TIM_OC_DelayElapsedCallback
 .text.HAL_TIM_IC_CaptureCallback
                0x08001434       0x14 Drivers/STM32F4xx_HAL_Driver/stm32f4xx_hal_tim.o
                0x08001434                HAL_TIM_IC_CaptureCallback
 .text.HAL_TIM_PWM_PulseFinishedCallback
                0x08001448       0x14 Drivers/STM32F4xx_HAL_Driver/stm32f4xx_hal_tim.o
                0x08001448                HAL_TIM_PWM_PulseFinishedCallback
 .text.HAL_TIM_TriggerCallback
                0x0800145c       0x14 Drivers/STM32F4xx_HAL_Driver/stm32f4xx_hal_tim.o
                0x0800145c                HAL_TIM_TriggerCallback
 .text.TIM_Base_SetConfig
                0x08001470      0x108 Drivers/STM32F4xx_HAL_Driver/stm32f4xx_hal_tim.o
                0x08001470                TIM_Base_SetConfig
 .text.TIM_TI1_ConfigInputStage
                0x08001578       0x68 Drivers/STM32F4xx_HAL_Driver/stm32f4xx_hal_tim.o
 .text.TIM_TI2_ConfigInputStage
                0x080015e0       0x68 Drivers/STM32F4xx_HAL_Driver/stm32f4xx_hal_tim.o
 .text.TIM_ITRx_SetConfig
                0x08001648       0x40 Drivers/STM32F4xx_HAL_Driver/stm32f4xx_hal_tim.o
 .text.TIM_ETR_SetConfig
                0x08001688       0x44 Drivers/STM32F4xx_HAL_Driver/stm32f4xx_hal_tim.o
 .text.HAL_TIMEx_CommutationCallback
                0x080016cc       0x14 Drivers/STM32F4xx_HAL_Driver/stm32f4xx_hal_tim_ex.o
                0x080016cc                HAL_TIMEx_CommutationCallback
 .text.HAL_TIMEx_BreakCallback
                0x080016e0       0x14 Drivers/STM32F4xx_HAL_Driver/stm32f4xx_hal_tim_ex.o
                0x080016e0                HAL_TIMEx_BreakCallback
 .text.SystemInit
                0x080016f4       0x6c Drivers/CMSIS/system_stm32f4xx.o
                0x080016f4                SystemInit
 .text.HAL_TIM_PeriodElapsedCallback
                0x08001760       0x64 Application/User/main.o
                0x08001760                HAL_TIM_PeriodElapsedCallback
 .text.main     0x080017c4       0x20 Application/User/main.o
                0x080017c4                main
 .text.SystemClock_Config
                0x080017e4       0xdc Application/User/main.o
                0x080017e4                SystemClock_Config
 .text.MX_TIM9_Init
                0x080018c0       0x60 Application/User/main.o
 .text.MX_GPIO_Init
                0x08001920       0x5c Application/User/main.o
 .text.Error_Handler
                0x0800197c        0x8 Application/User/main.o
                0x0800197c                Error_Handler
 .text.HAL_MspInit
                0x08001984       0x64 Application/User/stm32f4xx_hal_msp.o
                0x08001984                HAL_MspInit
 .text.HAL_TIM_Base_MspInit
                0x080019e8       0x50 Application/User/stm32f4xx_hal_msp.o
                0x080019e8                HAL_TIM_Base_MspInit
 .text.NMI_Handler
                0x08001a38       0x10 Application/User/stm32f4xx_it.o
                0x08001a38                NMI_Handler
 .text.HardFault_Handler
                0x08001a48        0x8 Application/User/stm32f4xx_it.o
                0x08001a48                HardFault_Handler
 .text.MemManage_Handler
                0x08001a50        0x8 Application/User/stm32f4xx_it.o
                0x08001a50                MemManage_Handler
 .text.BusFault_Handler
                0x08001a58        0x8 Application/User/stm32f4xx_it.o
                0x08001a58                BusFault_Handler
 .text.UsageFault_Handler
                0x08001a60        0x8 Application/User/stm32f4xx_it.o
                0x08001a60                UsageFault_Handler
 .text.SVC_Handler
                0x08001a68       0x10 Application/User/stm32f4xx_it.o
                0x08001a68                SVC_Handler
 .text.DebugMon_Handler
                0x08001a78       0x10 Application/User/stm32f4xx_it.o
                0x08001a78                DebugMon_Handler
 .text.PendSV_Handler
                0x08001a88       0x10 Application/User/stm32f4xx_it.o
                0x08001a88                PendSV_Handler
 .text.SysTick_Handler
                0x08001a98       0x10 Application/User/stm32f4xx_it.o
                0x08001a98                SysTick_Handler
 .text.TIM1_BRK_TIM9_IRQHandler
                0x08001aa8       0x14 Application/User/stm32f4xx_it.o
                0x08001aa8                TIM1_BRK_TIM9_IRQHandler
 .text.Reset_Handler
                0x08001abc       0x50 Application/SW4STM32/startup_stm32f411xe.o
                0x08001abc                Reset_Handler
 .text.Default_Handler
                0x08001b0c        0x2 Application/SW4STM32/startup_stm32f411xe.o
                0x08001b0c                RTC_Alarm_IRQHandler
                0x08001b0c                EXTI2_IRQHandler
                0x08001b0c                SPI4_IRQHandler
                0x08001b0c                TIM1_CC_IRQHandler
                0x08001b0c                DMA2_Stream5_IRQHandler
                0x08001b0c                DMA1_Stream5_IRQHandler
                0x08001b0c                PVD_IRQHandler
                0x08001b0c                SDIO_IRQHandler
                0x08001b0c                TAMP_STAMP_IRQHandler
                0x08001b0c                EXTI3_IRQHandler
                0x08001b0c                TIM1_UP_TIM10_IRQHandler
                0x08001b0c                I2C3_ER_IRQHandler
                0x08001b0c                EXTI0_IRQHandler
                0x08001b0c                I2C2_EV_IRQHandler
                0x08001b0c                DMA1_Stream2_IRQHandler
                0x08001b0c                FPU_IRQHandler
                0x08001b0c                DMA2_Stream2_IRQHandler
                0x08001b0c                SPI1_IRQHandler
                0x08001b0c                DMA2_Stream3_IRQHandler
                0x08001b0c                USART6_IRQHandler
                0x08001b0c                DMA2_Stream0_IRQHandler
                0x08001b0c                TIM4_IRQHandler
                0x08001b0c                I2C1_EV_IRQHandler
                0x08001b0c                DMA1_Stream6_IRQHandler
                0x08001b0c                DMA1_Stream1_IRQHandler
                0x08001b0c                TIM3_IRQHandler
                0x08001b0c                RCC_IRQHandler
                0x08001b0c                Default_Handler
                0x08001b0c                EXTI15_10_IRQHandler
                0x08001b0c                ADC_IRQHandler
                0x08001b0c                DMA1_Stream7_IRQHandler
                0x08001b0c                SPI5_IRQHandler
                0x08001b0c                TIM5_IRQHandler
                0x08001b0c                DMA2_Stream7_IRQHandler
                0x08001b0c                I2C3_EV_IRQHandler
                0x08001b0c                EXTI9_5_IRQHandler
                0x08001b0c                RTC_WKUP_IRQHandler
                0x08001b0c                SPI2_IRQHandler
                0x08001b0c                DMA1_Stream0_IRQHandler
                0x08001b0c                EXTI4_IRQHandler
                0x08001b0c                WWDG_IRQHandler
                0x08001b0c                TIM2_IRQHandler
                0x08001b0c                OTG_FS_WKUP_IRQHandler
                0x08001b0c                TIM1_TRG_COM_TIM11_IRQHandler
                0x08001b0c                EXTI1_IRQHandler
                0x08001b0c                USART2_IRQHandler
                0x08001b0c                I2C2_ER_IRQHandler
                0x08001b0c                DMA2_Stream1_IRQHandler
                0x08001b0c                FLASH_IRQHandler
                0x08001b0c                DMA2_Stream4_IRQHandler
                0x08001b0c                USART1_IRQHandler
                0x08001b0c                OTG_FS_IRQHandler
                0x08001b0c                SPI3_IRQHandler
                0x08001b0c                DMA1_Stream4_IRQHandler
                0x08001b0c                I2C1_ER_IRQHandler
                0x08001b0c                DMA2_Stream6_IRQHandler
                0x08001b0c                DMA1_Stream3_IRQHandler
 *fill*         0x08001b0e        0x2 
 .text.__libc_init_array
                0x08001b10       0x4c /home/kakses/Programy/eclipse/plugins/fr.ac6.mcu.externaltools.arm-none.linux64_1.11.0.201610101240/tools/gcc-arm-none-eabi-5_4-2016q2/bin/../lib/gcc/arm-none-eabi/5.4.1/../../../../arm-none-eabi/lib/armv7e-m/fpu/libc_nano.a(lib_a-init.o)
                0x08001b10                __libc_init_array
 *(.glue_7)
 .glue_7        0x08001b5c        0x0 linker stubs
 *(.glue_7t)
 .glue_7t       0x08001b5c        0x0 linker stubs
 *(.eh_frame)
 .eh_frame      0x08001b5c        0x0 /home/kakses/Programy/eclipse/plugins/fr.ac6.mcu.externaltools.arm-none.linux64_1.11.0.201610101240/tools/gcc-arm-none-eabi-5_4-2016q2/bin/../lib/gcc/arm-none-eabi/5.4.1/armv7e-m/fpu/crtbegin.o
 *(.init)
 .init          0x08001b5c        0x4 /home/kakses/Programy/eclipse/plugins/fr.ac6.mcu.externaltools.arm-none.linux64_1.11.0.201610101240/tools/gcc-arm-none-eabi-5_4-2016q2/bin/../lib/gcc/arm-none-eabi/5.4.1/armv7e-m/fpu/crti.o
                0x08001b5c                _init
 .init          0x08001b60        0x8 /home/kakses/Programy/eclipse/plugins/fr.ac6.mcu.externaltools.arm-none.linux64_1.11.0.201610101240/tools/gcc-arm-none-eabi-5_4-2016q2/bin/../lib/gcc/arm-none-eabi/5.4.1/armv7e-m/fpu/crtn.o
 *(.fini)
 .fini          0x08001b68        0x4 /home/kakses/Programy/eclipse/plugins/fr.ac6.mcu.externaltools.arm-none.linux64_1.11.0.201610101240/tools/gcc-arm-none-eabi-5_4-2016q2/bin/../lib/gcc/arm-none-eabi/5.4.1/armv7e-m/fpu/crti.o
                0x08001b68                _fini
 .fini          0x08001b6c        0x8 /home/kakses/Programy/eclipse/plugins/fr.ac6.mcu.externaltools.arm-none.linux64_1.11.0.201610101240/tools/gcc-arm-none-eabi-5_4-2016q2/bin/../lib/gcc/arm-none-eabi/5.4.1/armv7e-m/fpu/crtn.o
                0x08001b74                . = ALIGN (0x4)
                0x08001b74                _etext = .

.vfp11_veneer   0x08001b74        0x0
 .vfp11_veneer  0x08001b74        0x0 linker stubs

.v4_bx          0x08001b74        0x0
 .v4_bx         0x08001b74        0x0 linker stubs

.iplt           0x08001b74        0x0
 .iplt          0x08001b74        0x0 /home/kakses/Programy/eclipse/plugins/fr.ac6.mcu.externaltools.arm-none.linux64_1.11.0.201610101240/tools/gcc-arm-none-eabi-5_4-2016q2/bin/../lib/gcc/arm-none-eabi/5.4.1/armv7e-m/fpu/crtbegin.o

.rodata         0x08001b74       0x10
                0x08001b74                . = ALIGN (0x4)
 *(.rodata)
 .rodata        0x08001b74       0x10 Drivers/STM32F4xx_HAL_Driver/stm32f4xx_hal_rcc.o
                0x08001b74                APBAHBPrescTable
 *(.rodata*)
                0x08001b84                . = ALIGN (0x4)

.rel.dyn        0x08001b84        0x0
 .rel.iplt      0x08001b84        0x0 /home/kakses/Programy/eclipse/plugins/fr.ac6.mcu.externaltools.arm-none.linux64_1.11.0.201610101240/tools/gcc-arm-none-eabi-5_4-2016q2/bin/../lib/gcc/arm-none-eabi/5.4.1/armv7e-m/fpu/crtbegin.o

.ARM.extab
 *(.ARM.extab* .gnu.linkonce.armextab.*)

.ARM            0x08001b84        0x0
                0x08001b84                __exidx_start = .
 *(.ARM.exidx*)
                0x08001b84                __exidx_end = .

.preinit_array  0x08001b84        0x0
                0x08001b84                PROVIDE (__preinit_array_start, .)
 *(.preinit_array*)
                0x08001b84                PROVIDE (__preinit_array_end, .)

.init_array     0x08001b84        0x4
                0x08001b84                PROVIDE (__init_array_start, .)
 *(SORT(.init_array.*))
 *(.init_array*)
 .init_array    0x08001b84        0x4 /home/kakses/Programy/eclipse/plugins/fr.ac6.mcu.externaltools.arm-none.linux64_1.11.0.201610101240/tools/gcc-arm-none-eabi-5_4-2016q2/bin/../lib/gcc/arm-none-eabi/5.4.1/armv7e-m/fpu/crtbegin.o
                0x08001b88                PROVIDE (__init_array_end, .)

.fini_array     0x08001b88        0x4
                [!provide]                PROVIDE (__fini_array_start, .)
 *(SORT(.fini_array.*))
 *(.fini_array*)
 .fini_array    0x08001b88        0x4 /home/kakses/Programy/eclipse/plugins/fr.ac6.mcu.externaltools.arm-none.linux64_1.11.0.201610101240/tools/gcc-arm-none-eabi-5_4-2016q2/bin/../lib/gcc/arm-none-eabi/5.4.1/armv7e-m/fpu/crtbegin.o
                [!provide]                PROVIDE (__fini_array_end, .)
                0x08001b8c                _sidata = LOADADDR (.data)

.data           0x20000000        0x4 load address 0x08001b8c
                0x20000000                . = ALIGN (0x4)
                0x20000000                _sdata = .
 *(.data)
 .data          0x20000000        0x4 Drivers/CMSIS/system_stm32f4xx.o
                0x20000000                SystemCoreClock
 *(.data*)
                0x20000004                . = ALIGN (0x4)
                0x20000004                _edata = .

.jcr            0x20000004        0x0 load address 0x08001b90
 .jcr           0x20000004        0x0 /home/kakses/Programy/eclipse/plugins/fr.ac6.mcu.externaltools.arm-none.linux64_1.11.0.201610101240/tools/gcc-arm-none-eabi-5_4-2016q2/bin/../lib/gcc/arm-none-eabi/5.4.1/armv7e-m/fpu/crtbegin.o

.igot.plt       0x20000004        0x0 load address 0x08001b90
 .igot.plt      0x20000004        0x0 /home/kakses/Programy/eclipse/plugins/fr.ac6.mcu.externaltools.arm-none.linux64_1.11.0.201610101240/tools/gcc-arm-none-eabi-5_4-2016q2/bin/../lib/gcc/arm-none-eabi/5.4.1/armv7e-m/fpu/crtbegin.o
                0x20000004                . = ALIGN (0x4)

.bss            0x20000004       0x68 load address 0x08001b90
                0x20000004                _sbss = .
                0x20000004                __bss_start__ = _sbss
 *(.bss)
 .bss           0x20000004       0x1c /home/kakses/Programy/eclipse/plugins/fr.ac6.mcu.externaltools.arm-none.linux64_1.11.0.201610101240/tools/gcc-arm-none-eabi-5_4-2016q2/bin/../lib/gcc/arm-none-eabi/5.4.1/armv7e-m/fpu/crtbegin.o
 *(.bss*)
 *(COMMON)
 COMMON         0x20000020        0x4 Drivers/STM32F4xx_HAL_Driver/stm32f4xx_hal.o
                0x20000020                uwTick
 COMMON         0x20000024       0x48 Application/User/main.o
                0x20000024                lastcnt
                0x20000028                delta
                0x2000002c                time
                0x20000030                htim9
                0x2000006c                . = ALIGN (0x4)
                0x2000006c                _ebss = .
                0x2000006c                __bss_end__ = _ebss

._user_heap_stack
                0x2000006c      0x604 load address 0x08001b90
                0x20000070                . = ALIGN (0x8)
 *fill*         0x2000006c        0x4 
                [!provide]                PROVIDE (end, .)
                [!provide]                PROVIDE (_end, .)
                0x20000270                . = (. + _Min_Heap_Size)
 *fill*         0x20000070      0x200 
                0x20000670                . = (. + _Min_Stack_Size)
 *fill*         0x20000270      0x400 
                0x20000670                . = ALIGN (0x8)

/DISCARD/
 libc.a(*)
 libm.a(*)
 libgcc.a(*)

.ARM.attributes
                0x00000000       0x30
 *(.ARM.attributes)
 .ARM.attributes
                0x00000000       0x22 /home/kakses/Programy/eclipse/plugins/fr.ac6.mcu.externaltools.arm-none.linux64_1.11.0.201610101240/tools/gcc-arm-none-eabi-5_4-2016q2/bin/../lib/gcc/arm-none-eabi/5.4.1/armv7e-m/fpu/crti.o
 .ARM.attributes
                0x00000022       0x34 /home/kakses/Programy/eclipse/plugins/fr.ac6.mcu.externaltools.arm-none.linux64_1.11.0.201610101240/tools/gcc-arm-none-eabi-5_4-2016q2/bin/../lib/gcc/arm-none-eabi/5.4.1/armv7e-m/fpu/crtbegin.o
 .ARM.attributes
                0x00000056       0x39 Drivers/STM32F4xx_HAL_Driver/stm32f4xx_hal.o
 .ARM.attributes
                0x0000008f       0x39 Drivers/STM32F4xx_HAL_Driver/stm32f4xx_hal_cortex.o
 .ARM.attributes
                0x000000c8       0x39 Drivers/STM32F4xx_HAL_Driver/stm32f4xx_hal_gpio.o
 .ARM.attributes
                0x00000101       0x39 Drivers/STM32F4xx_HAL_Driver/stm32f4xx_hal_rcc.o
 .ARM.attributes
                0x0000013a       0x39 Drivers/STM32F4xx_HAL_Driver/stm32f4xx_hal_tim.o
 .ARM.attributes
                0x00000173       0x39 Drivers/STM32F4xx_HAL_Driver/stm32f4xx_hal_tim_ex.o
 .ARM.attributes
                0x000001ac       0x39 Drivers/CMSIS/system_stm32f4xx.o
 .ARM.attributes
                0x000001e5       0x39 Application/User/main.o
 .ARM.attributes
                0x0000021e       0x39 Application/User/stm32f4xx_hal_msp.o
 .ARM.attributes
                0x00000257       0x39 Application/User/stm32f4xx_it.o
 .ARM.attributes
                0x00000290       0x21 Application/SW4STM32/startup_stm32f411xe.o
 .ARM.attributes
                0x000002b1       0x34 /home/kakses/Programy/eclipse/plugins/fr.ac6.mcu.externaltools.arm-none.linux64_1.11.0.201610101240/tools/gcc-arm-none-eabi-5_4-2016q2/bin/../lib/gcc/arm-none-eabi/5.4.1/../../../../arm-none-eabi/lib/armv7e-m/fpu/libc_nano.a(lib_a-init.o)
 .ARM.attributes
                0x000002e5       0x22 /home/kakses/Programy/eclipse/plugins/fr.ac6.mcu.externaltools.arm-none.linux64_1.11.0.201610101240/tools/gcc-arm-none-eabi-5_4-2016q2/bin/../lib/gcc/arm-none-eabi/5.4.1/armv7e-m/fpu/crtn.o
OUTPUT(time.elf elf32-littlearm)

.debug_info     0x00000000     0x7a61
 .debug_info    0x00000000      0x7e8 Drivers/STM32F4xx_HAL_Driver/stm32f4xx_hal.o
 .debug_info    0x000007e8      0xc90 Drivers/STM32F4xx_HAL_Driver/stm32f4xx_hal_cortex.o
 .debug_info    0x00001478      0x749 Drivers/STM32F4xx_HAL_Driver/stm32f4xx_hal_gpio.o
 .debug_info    0x00001bc1      0xb62 Drivers/STM32F4xx_HAL_Driver/stm32f4xx_hal_rcc.o
 .debug_info    0x00002723     0x218a Drivers/STM32F4xx_HAL_Driver/stm32f4xx_hal_tim.o
 .debug_info    0x000048ad      0xf50 Drivers/STM32F4xx_HAL_Driver/stm32f4xx_hal_tim_ex.o
 .debug_info    0x000057fd      0x4ff Drivers/CMSIS/system_stm32f4xx.o
 .debug_info    0x00005cfc      0xd1a Application/User/main.o
 .debug_info    0x00006a16      0x953 Application/User/stm32f4xx_hal_msp.o
 .debug_info    0x00007369      0x629 Application/User/stm32f4xx_it.o
 .debug_info    0x00007992       0xcf Application/SW4STM32/startup_stm32f411xe.o

.debug_abbrev   0x00000000     0x1353
 .debug_abbrev  0x00000000      0x23a Drivers/STM32F4xx_HAL_Driver/stm32f4xx_hal.o
 .debug_abbrev  0x0000023a      0x2cc Drivers/STM32F4xx_HAL_Driver/stm32f4xx_hal_cortex.o
 .debug_abbrev  0x00000506      0x1af Drivers/STM32F4xx_HAL_Driver/stm32f4xx_hal_gpio.o
 .debug_abbrev  0x000006b5      0x2b3 Drivers/STM32F4xx_HAL_Driver/stm32f4xx_hal_rcc.o
 .debug_abbrev  0x00000968      0x21a Drivers/STM32F4xx_HAL_Driver/stm32f4xx_hal_tim.o
 .debug_abbrev  0x00000b82      0x211 Drivers/STM32F4xx_HAL_Driver/stm32f4xx_hal_tim_ex.o
 .debug_abbrev  0x00000d93      0x104 Drivers/CMSIS/system_stm32f4xx.o
 .debug_abbrev  0x00000e97      0x1cd Application/User/main.o
 .debug_abbrev  0x00001064      0x17f Application/User/stm32f4xx_hal_msp.o
 .debug_abbrev  0x000011e3      0x15e Application/User/stm32f4xx_it.o
 .debug_abbrev  0x00001341       0x12 Application/SW4STM32/startup_stm32f411xe.o

.debug_aranges  0x00000000      0x880
 .debug_aranges
                0x00000000       0xc0 Drivers/STM32F4xx_HAL_Driver/stm32f4xx_hal.o
 .debug_aranges
                0x000000c0      0x108 Drivers/STM32F4xx_HAL_Driver/stm32f4xx_hal_cortex.o
 .debug_aranges
                0x000001c8       0x58 Drivers/STM32F4xx_HAL_Driver/stm32f4xx_hal_gpio.o
 .debug_aranges
                0x00000220       0x88 Drivers/STM32F4xx_HAL_Driver/stm32f4xx_hal_rcc.o
 .debug_aranges
                0x000002a8      0x368 Drivers/STM32F4xx_HAL_Driver/stm32f4xx_hal_tim.o
 .debug_aranges
                0x00000610      0x140 Drivers/STM32F4xx_HAL_Driver/stm32f4xx_hal_tim_ex.o
 .debug_aranges
                0x00000750       0x28 Drivers/CMSIS/system_stm32f4xx.o
 .debug_aranges
                0x00000778       0x48 Application/User/main.o
 .debug_aranges
                0x000007c0       0x30 Application/User/stm32f4xx_hal_msp.o
 .debug_aranges
                0x000007f0       0x68 Application/User/stm32f4xx_it.o
 .debug_aranges
                0x00000858       0x28 Application/SW4STM32/startup_stm32f411xe.o

.debug_ranges   0x00000000      0x7d8
 .debug_ranges  0x00000000       0xb0 Drivers/STM32F4xx_HAL_Driver/stm32f4xx_hal.o
 .debug_ranges  0x000000b0       0xf8 Drivers/STM32F4xx_HAL_Driver/stm32f4xx_hal_cortex.o
 .debug_ranges  0x000001a8       0x48 Drivers/STM32F4xx_HAL_Driver/stm32f4xx_hal_gpio.o
 .debug_ranges  0x000001f0       0x78 Drivers/STM32F4xx_HAL_Driver/stm32f4xx_hal_rcc.o
 .debug_ranges  0x00000268      0x358 Drivers/STM32F4xx_HAL_Driver/stm32f4xx_hal_tim.o
 .debug_ranges  0x000005c0      0x130 Drivers/STM32F4xx_HAL_Driver/stm32f4xx_hal_tim_ex.o
 .debug_ranges  0x000006f0       0x18 Drivers/CMSIS/system_stm32f4xx.o
 .debug_ranges  0x00000708       0x38 Application/User/main.o
 .debug_ranges  0x00000740       0x20 Application/User/stm32f4xx_hal_msp.o
 .debug_ranges  0x00000760       0x58 Application/User/stm32f4xx_it.o
 .debug_ranges  0x000007b8       0x20 Application/SW4STM32/startup_stm32f411xe.o

.debug_macro    0x00000000     0xf368
 .debug_macro   0x00000000      0x34d Drivers/STM32F4xx_HAL_Driver/stm32f4xx_hal.o
 .debug_macro   0x0000034d      0x898 Drivers/STM32F4xx_HAL_Driver/stm32f4xx_hal.o
 .debug_macro   0x00000be5      0x179 Drivers/STM32F4xx_HAL_Driver/stm32f4xx_hal.o
 .debug_macro   0x00000d5e       0x31 Drivers/STM32F4xx_HAL_Driver/stm32f4xx_hal.o
 .debug_macro   0x00000d8f       0x28 Drivers/STM32F4xx_HAL_Driver/stm32f4xx_hal.o
 .debug_macro   0x00000db7       0x22 Drivers/STM32F4xx_HAL_Driver/stm32f4xx_hal.o
 .debug_macro   0x00000dd9       0x87 Drivers/STM32F4xx_HAL_Driver/stm32f4xx_hal.o
 .debug_macro   0x00000e60       0x44 Drivers/STM32F4xx_HAL_Driver/stm32f4xx_hal.o
 .debug_macro   0x00000ea4       0xfd Drivers/STM32F4xx_HAL_Driver/stm32f4xx_hal.o
 .debug_macro   0x00000fa1       0x5e Drivers/STM32F4xx_HAL_Driver/stm32f4xx_hal.o
 .debug_macro   0x00000fff      0x1df Drivers/STM32F4xx_HAL_Driver/stm32f4xx_hal.o
 .debug_macro   0x000011de       0x35 Drivers/STM32F4xx_HAL_Driver/stm32f4xx_hal.o
 .debug_macro   0x00001213       0x50 Drivers/STM32F4xx_HAL_Driver/stm32f4xx_hal.o
 .debug_macro   0x00001263      0xe66 Drivers/STM32F4xx_HAL_Driver/stm32f4xx_hal.o
 .debug_macro   0x000020c9     0x5102 Drivers/STM32F4xx_HAL_Driver/stm32f4xx_hal.o
 .debug_macro   0x000071cb       0x43 Drivers/STM32F4xx_HAL_Driver/stm32f4xx_hal.o
 .debug_macro   0x0000720e     0x347f Drivers/STM32F4xx_HAL_Driver/stm32f4xx_hal.o
 .debug_macro   0x0000a68d       0x52 Drivers/STM32F4xx_HAL_Driver/stm32f4xx_hal.o
 .debug_macro   0x0000a6df       0x35 Drivers/STM32F4xx_HAL_Driver/stm32f4xx_hal.o
 .debug_macro   0x0000a714       0x9c Drivers/STM32F4xx_HAL_Driver/stm32f4xx_hal.o
 .debug_macro   0x0000a7b0       0x16 Drivers/STM32F4xx_HAL_Driver/stm32f4xx_hal.o
 .debug_macro   0x0000a7c6       0x97 Drivers/STM32F4xx_HAL_Driver/stm32f4xx_hal.o
 .debug_macro   0x0000a85d      0x30d Drivers/STM32F4xx_HAL_Driver/stm32f4xx_hal.o
 .debug_macro   0x0000ab6a       0xfd Drivers/STM32F4xx_HAL_Driver/stm32f4xx_hal.o
 .debug_macro   0x0000ac67       0x10 Drivers/STM32F4xx_HAL_Driver/stm32f4xx_hal.o
 .debug_macro   0x0000ac77       0x52 Drivers/STM32F4xx_HAL_Driver/stm32f4xx_hal.o
 .debug_macro   0x0000acc9       0x1f Drivers/STM32F4xx_HAL_Driver/stm32f4xx_hal.o
 .debug_macro   0x0000ace8       0x43 Drivers/STM32F4xx_HAL_Driver/stm32f4xx_hal.o
 .debug_macro   0x0000ad2b       0x20 Drivers/STM32F4xx_HAL_Driver/stm32f4xx_hal.o
 .debug_macro   0x0000ad4b      0x187 Drivers/STM32F4xx_HAL_Driver/stm32f4xx_hal.o
 .debug_macro   0x0000aed2       0x10 Drivers/STM32F4xx_HAL_Driver/stm32f4xx_hal.o
 .debug_macro   0x0000aee2       0x1c Drivers/STM32F4xx_HAL_Driver/stm32f4xx_hal.o
 .debug_macro   0x0000aefe       0x52 Drivers/STM32F4xx_HAL_Driver/stm32f4xx_hal.o
 .debug_macro   0x0000af50       0x40 Drivers/STM32F4xx_HAL_Driver/stm32f4xx_hal.o
 .debug_macro   0x0000af90       0x10 Drivers/STM32F4xx_HAL_Driver/stm32f4xx_hal.o
 .debug_macro   0x0000afa0       0x40 Drivers/STM32F4xx_HAL_Driver/stm32f4xx_hal.o
 .debug_macro   0x0000afe0       0xd7 Drivers/STM32F4xx_HAL_Driver/stm32f4xx_hal.o
 .debug_macro   0x0000b0b7       0x16 Drivers/STM32F4xx_HAL_Driver/stm32f4xx_hal.o
 .debug_macro   0x0000b0cd      0x189 Drivers/STM32F4xx_HAL_Driver/stm32f4xx_hal.o
 .debug_macro   0x0000b256       0x50 Drivers/STM32F4xx_HAL_Driver/stm32f4xx_hal.o
 .debug_macro   0x0000b2a6      0x45c Drivers/STM32F4xx_HAL_Driver/stm32f4xx_hal.o
 .debug_macro   0x0000b702      0x9e1 Drivers/STM32F4xx_HAL_Driver/stm32f4xx_hal.o
 .debug_macro   0x0000c0e3      0x11e Drivers/STM32F4xx_HAL_Driver/stm32f4xx_hal.o
 .debug_macro   0x0000c201      0x11b Drivers/STM32F4xx_HAL_Driver/stm32f4xx_hal.o
 .debug_macro   0x0000c31c       0x27 Drivers/STM32F4xx_HAL_Driver/stm32f4xx_hal.o
 .debug_macro   0x0000c343      0x287 Drivers/STM32F4xx_HAL_Driver/stm32f4xx_hal.o
 .debug_macro   0x0000c5ca       0x5f Drivers/STM32F4xx_HAL_Driver/stm32f4xx_hal.o
 .debug_macro   0x0000c629      0x23a Drivers/STM32F4xx_HAL_Driver/stm32f4xx_hal.o
 .debug_macro   0x0000c863      0x13a Drivers/STM32F4xx_HAL_Driver/stm32f4xx_hal.o
 .debug_macro   0x0000c99d      0x264 Drivers/STM32F4xx_HAL_Driver/stm32f4xx_hal.o
 .debug_macro   0x0000cc01       0x2e Drivers/STM32F4xx_HAL_Driver/stm32f4xx_hal.o
 .debug_macro   0x0000cc2f      0x11e Drivers/STM32F4xx_HAL_Driver/stm32f4xx_hal.o
 .debug_macro   0x0000cd4d       0x85 Drivers/STM32F4xx_HAL_Driver/stm32f4xx_hal.o
 .debug_macro   0x0000cdd2       0x89 Drivers/STM32F4xx_HAL_Driver/stm32f4xx_hal.o
 .debug_macro   0x0000ce5b      0x6d9 Drivers/STM32F4xx_HAL_Driver/stm32f4xx_hal.o
 .debug_macro   0x0000d534       0x5b Drivers/STM32F4xx_HAL_Driver/stm32f4xx_hal.o
 .debug_macro   0x0000d58f      0x14d Drivers/STM32F4xx_HAL_Driver/stm32f4xx_hal.o
 .debug_macro   0x0000d6dc      0x11e Drivers/STM32F4xx_HAL_Driver/stm32f4xx_hal.o
 .debug_macro   0x0000d7fa      0x2ff Drivers/STM32F4xx_HAL_Driver/stm32f4xx_hal_cortex.o
 .debug_macro   0x0000daf9      0x337 Drivers/STM32F4xx_HAL_Driver/stm32f4xx_hal_gpio.o
 .debug_macro   0x0000de30      0x329 Drivers/STM32F4xx_HAL_Driver/stm32f4xx_hal_rcc.o
 .debug_macro   0x0000e159      0x300 Drivers/STM32F4xx_HAL_Driver/stm32f4xx_hal_tim.o
 .debug_macro   0x0000e459      0x2ff Drivers/STM32F4xx_HAL_Driver/stm32f4xx_hal_tim_ex.o
 .debug_macro   0x0000e758      0x305 Drivers/CMSIS/system_stm32f4xx.o
 .debug_macro   0x0000ea5d      0x303 Application/User/main.o
 .debug_macro   0x0000ed60      0x2ff Application/User/stm32f4xx_hal_msp.o
 .debug_macro   0x0000f05f      0x309 Application/User/stm32f4xx_it.o

.debug_line     0x00000000     0x7199
 .debug_line    0x00000000      0x9ba Drivers/STM32F4xx_HAL_Driver/stm32f4xx_hal.o
 .debug_line    0x000009ba      0xaea Drivers/STM32F4xx_HAL_Driver/stm32f4xx_hal_cortex.o
 .debug_line    0x000014a4      0x9b9 Drivers/STM32F4xx_HAL_Driver/stm32f4xx_hal_gpio.o
 .debug_line    0x00001e5d      0xb0a Drivers/STM32F4xx_HAL_Driver/stm32f4xx_hal_rcc.o
 .debug_line    0x00002967     0x17b8 Drivers/STM32F4xx_HAL_Driver/stm32f4xx_hal_tim.o
 .debug_line    0x0000411f      0xdd5 Drivers/STM32F4xx_HAL_Driver/stm32f4xx_hal_tim_ex.o
 .debug_line    0x00004ef4      0x85f Drivers/CMSIS/system_stm32f4xx.o
 .debug_line    0x00005753      0x888 Application/User/main.o
 .debug_line    0x00005fdb      0x833 Application/User/stm32f4xx_hal_msp.o
 .debug_line    0x0000680e      0x8bb Application/User/stm32f4xx_it.o
 .debug_line    0x000070c9       0xd0 Application/SW4STM32/startup_stm32f411xe.o

.debug_str      0x00000000    0x5774d
 .debug_str     0x00000000    0x55447 Drivers/STM32F4xx_HAL_Driver/stm32f4xx_hal.o
                              0x557b9 (size before relaxing)
 .debug_str     0x00055447      0x3f4 Drivers/STM32F4xx_HAL_Driver/stm32f4xx_hal_cortex.o
                              0x5564b (size before relaxing)
 .debug_str     0x0005583b      0x314 Drivers/STM32F4xx_HAL_Driver/stm32f4xx_hal_gpio.o
                              0x551df (size before relaxing)
 .debug_str     0x00055b4f      0x3bf Drivers/STM32F4xx_HAL_Driver/stm32f4xx_hal_rcc.o
                              0x55356 (size before relaxing)
 .debug_str     0x00055f0e     0x108d Drivers/STM32F4xx_HAL_Driver/stm32f4xx_hal_tim.o
                              0x55f0e (size before relaxing)
 .debug_str     0x00056f9b      0x544 Drivers/STM32F4xx_HAL_Driver/stm32f4xx_hal_tim_ex.o
                              0x557c1 (size before relaxing)
 .debug_str     0x000574df       0xab Drivers/CMSIS/system_stm32f4xx.o
                              0x54f88 (size before relaxing)
 .debug_str     0x0005758a       0x89 Application/User/main.o
                              0x558e7 (size before relaxing)
 .debug_str     0x00057613       0x47 Application/User/stm32f4xx_hal_msp.o
                              0x55671 (size before relaxing)
 .debug_str     0x0005765a       0xf3 Application/User/stm32f4xx_it.o
                              0x55240 (size before relaxing)

.comment        0x00000000       0x6e
 .comment       0x00000000       0x6e Drivers/STM32F4xx_HAL_Driver/stm32f4xx_hal.o
                                 0x6f (size before relaxing)
 .comment       0x0000006e       0x6f Drivers/STM32F4xx_HAL_Driver/stm32f4xx_hal_cortex.o
 .comment       0x0000006e       0x6f Drivers/STM32F4xx_HAL_Driver/stm32f4xx_hal_gpio.o
 .comment       0x0000006e       0x6f Drivers/STM32F4xx_HAL_Driver/stm32f4xx_hal_rcc.o
 .comment       0x0000006e       0x6f Drivers/STM32F4xx_HAL_Driver/stm32f4xx_hal_tim.o
 .comment       0x0000006e       0x6f Drivers/STM32F4xx_HAL_Driver/stm32f4xx_hal_tim_ex.o
 .comment       0x0000006e       0x6f Drivers/CMSIS/system_stm32f4xx.o
 .comment       0x0000006e       0x6f Application/User/main.o
 .comment       0x0000006e       0x6f Application/User/stm32f4xx_hal_msp.o
 .comment       0x0000006e       0x6f Application/User/stm32f4xx_it.o

.debug_frame    0x00000000     0x2278
 .debug_frame   0x00000000      0x2c0 Drivers/STM32F4xx_HAL_Driver/stm32f4xx_hal.o
 .debug_frame   0x000002c0      0x450 Drivers/STM32F4xx_HAL_Driver/stm32f4xx_hal_cortex.o
 .debug_frame   0x00000710      0x14c Drivers/STM32F4xx_HAL_Driver/stm32f4xx_hal_gpio.o
 .debug_frame   0x0000085c      0x200 Drivers/STM32F4xx_HAL_Driver/stm32f4xx_hal_rcc.o
 .debug_frame   0x00000a5c      0xfb4 Drivers/STM32F4xx_HAL_Driver/stm32f4xx_hal_tim.o
 .debug_frame   0x00001a10      0x574 Drivers/STM32F4xx_HAL_Driver/stm32f4xx_hal_tim_ex.o
 .debug_frame   0x00001f84       0x58 Drivers/CMSIS/system_stm32f4xx.o
 .debug_frame   0x00001fdc       0xd4 Application/User/main.o
 .debug_frame   0x000020b0       0x74 Application/User/stm32f4xx_hal_msp.o
 .debug_frame   0x00002124      0x128 Application/User/stm32f4xx_it.o
 .debug_frame   0x0000224c       0x2c /home/kakses/Programy/eclipse/plugins/fr.ac6.mcu.externaltools.arm-none.linux64_1.11.0.201610101240/tools/gcc-arm-none-eabi-5_4-2016q2/bin/../lib/gcc/arm-none-eabi/5.4.1/../../../../arm-none-eabi/lib/armv7e-m/fpu/libc_nano.a(lib_a-init.o)
