Archive member included to satisfy reference by file (symbol)

/home/kakses/Programy/eclipse/plugins/fr.ac6.mcu.externaltools.arm-none.linux64_1.11.0.201610101240/tools/gcc-arm-none-eabi-5_4-2016q2/bin/../lib/gcc/arm-none-eabi/5.4.1/../../../../arm-none-eabi/lib/armv7e-m/fpu/libc_nano.a(lib_a-exit.o)
                              /home/kakses/Programy/eclipse/plugins/fr.ac6.mcu.externaltools.arm-none.linux64_1.11.0.201610101240/tools/gcc-arm-none-eabi-5_4-2016q2/bin/../lib/gcc/arm-none-eabi/5.4.1/../../../../arm-none-eabi/lib/armv7e-m/fpu/crt0.o (exit)
/home/kakses/Programy/eclipse/plugins/fr.ac6.mcu.externaltools.arm-none.linux64_1.11.0.201610101240/tools/gcc-arm-none-eabi-5_4-2016q2/bin/../lib/gcc/arm-none-eabi/5.4.1/../../../../arm-none-eabi/lib/armv7e-m/fpu/libc_nano.a(lib_a-impure.o)
                              /home/kakses/Programy/eclipse/plugins/fr.ac6.mcu.externaltools.arm-none.linux64_1.11.0.201610101240/tools/gcc-arm-none-eabi-5_4-2016q2/bin/../lib/gcc/arm-none-eabi/5.4.1/../../../../arm-none-eabi/lib/armv7e-m/fpu/libc_nano.a(lib_a-exit.o) (_global_impure_ptr)
/home/kakses/Programy/eclipse/plugins/fr.ac6.mcu.externaltools.arm-none.linux64_1.11.0.201610101240/tools/gcc-arm-none-eabi-5_4-2016q2/bin/../lib/gcc/arm-none-eabi/5.4.1/../../../../arm-none-eabi/lib/armv7e-m/fpu/libc_nano.a(lib_a-init.o)
                              /home/kakses/Programy/eclipse/plugins/fr.ac6.mcu.externaltools.arm-none.linux64_1.11.0.201610101240/tools/gcc-arm-none-eabi-5_4-2016q2/bin/../lib/gcc/arm-none-eabi/5.4.1/../../../../arm-none-eabi/lib/armv7e-m/fpu/crt0.o (__libc_init_array)
/home/kakses/Programy/eclipse/plugins/fr.ac6.mcu.externaltools.arm-none.linux64_1.11.0.201610101240/tools/gcc-arm-none-eabi-5_4-2016q2/bin/../lib/gcc/arm-none-eabi/5.4.1/../../../../arm-none-eabi/lib/armv7e-m/fpu/libc_nano.a(lib_a-memset.o)
                              /home/kakses/Programy/eclipse/plugins/fr.ac6.mcu.externaltools.arm-none.linux64_1.11.0.201610101240/tools/gcc-arm-none-eabi-5_4-2016q2/bin/../lib/gcc/arm-none-eabi/5.4.1/../../../../arm-none-eabi/lib/armv7e-m/fpu/crt0.o (memset)
/home/kakses/Programy/eclipse/plugins/fr.ac6.mcu.externaltools.arm-none.linux64_1.11.0.201610101240/tools/gcc-arm-none-eabi-5_4-2016q2/bin/../lib/gcc/arm-none-eabi/5.4.1/../../../../arm-none-eabi/lib/armv7e-m/fpu/libnosys.a(_exit.o)
                              /home/kakses/Programy/eclipse/plugins/fr.ac6.mcu.externaltools.arm-none.linux64_1.11.0.201610101240/tools/gcc-arm-none-eabi-5_4-2016q2/bin/../lib/gcc/arm-none-eabi/5.4.1/../../../../arm-none-eabi/lib/armv7e-m/fpu/libc_nano.a(lib_a-exit.o) (_exit)

Allocating common symbols
Common symbol       size              file

hi2c1               0x54              Application/User/main.o
htim10              0x3c              Application/User/main.o
uwTick              0x4               Drivers/STM32F4xx_HAL_Driver/stm32f4xx_hal.o
pFlash              0x20              Drivers/STM32F4xx_HAL_Driver/stm32f4xx_hal_flash.o
res_values          0x90              Application/User/main.o

Discarded input sections

 .text          0x00000000        0x0 /home/kakses/Programy/eclipse/plugins/fr.ac6.mcu.externaltools.arm-none.linux64_1.11.0.201610101240/tools/gcc-arm-none-eabi-5_4-2016q2/bin/../lib/gcc/arm-none-eabi/5.4.1/armv7e-m/fpu/crti.o
 .data          0x00000000        0x0 /home/kakses/Programy/eclipse/plugins/fr.ac6.mcu.externaltools.arm-none.linux64_1.11.0.201610101240/tools/gcc-arm-none-eabi-5_4-2016q2/bin/../lib/gcc/arm-none-eabi/5.4.1/armv7e-m/fpu/crti.o
 .bss           0x00000000        0x0 /home/kakses/Programy/eclipse/plugins/fr.ac6.mcu.externaltools.arm-none.linux64_1.11.0.201610101240/tools/gcc-arm-none-eabi-5_4-2016q2/bin/../lib/gcc/arm-none-eabi/5.4.1/armv7e-m/fpu/crti.o
 .data          0x00000000        0x4 /home/kakses/Programy/eclipse/plugins/fr.ac6.mcu.externaltools.arm-none.linux64_1.11.0.201610101240/tools/gcc-arm-none-eabi-5_4-2016q2/bin/../lib/gcc/arm-none-eabi/5.4.1/armv7e-m/fpu/crtbegin.o
 .text          0x00000000       0x74 /home/kakses/Programy/eclipse/plugins/fr.ac6.mcu.externaltools.arm-none.linux64_1.11.0.201610101240/tools/gcc-arm-none-eabi-5_4-2016q2/bin/../lib/gcc/arm-none-eabi/5.4.1/../../../../arm-none-eabi/lib/armv7e-m/fpu/crt0.o
 .data          0x00000000        0x0 /home/kakses/Programy/eclipse/plugins/fr.ac6.mcu.externaltools.arm-none.linux64_1.11.0.201610101240/tools/gcc-arm-none-eabi-5_4-2016q2/bin/../lib/gcc/arm-none-eabi/5.4.1/../../../../arm-none-eabi/lib/armv7e-m/fpu/crt0.o
 .bss           0x00000000        0x0 /home/kakses/Programy/eclipse/plugins/fr.ac6.mcu.externaltools.arm-none.linux64_1.11.0.201610101240/tools/gcc-arm-none-eabi-5_4-2016q2/bin/../lib/gcc/arm-none-eabi/5.4.1/../../../../arm-none-eabi/lib/armv7e-m/fpu/crt0.o
[...]
Memory Configuration

Name             Origin             Length             Attributes
RAM              0x20000000         0x00020000         xrw
FLASH            0x08000000         0x00080000         xr
*default*        0x00000000         0xffffffff

Linker script and memory map

LOAD /home/kakses/Programy/eclipse/plugins/fr.ac6.mcu.externaltools.arm-none.linux64_1.11.0.201610101240/tools/gcc-arm-none-eabi-5_4-2016q2/bin/../lib/gcc/arm-none-eabi/5.4.1/armv7e-m/fpu/crti.o
LOAD /home/kakses/Programy/eclipse/plugins/fr.ac6.mcu.externaltools.arm-none.linux64_1.11.0.201610101240/tools/gcc-arm-none-eabi-5_4-2016q2/bin/../lib/gcc/arm-none-eabi/5.4.1/armv7e-m/fpu/crtbegin.o
LOAD /home/kakses/Programy/eclipse/plugins/fr.ac6.mcu.externaltools.arm-none.linux64_1.11.0.201610101240/tools/gcc-arm-none-eabi-5_4-2016q2/bin/../lib/gcc/arm-none-eabi/5.4.1/../../../../arm-none-eabi/lib/armv7e-m/fpu/crt0.o
LOAD /home/kakses/Programy/eclipse/plugins/fr.ac6.mcu.externaltools.arm-none.linux64_1.11.0.201610101240/tools/gcc-arm-none-eabi-5_4-2016q2/bin/../lib/gcc/arm-none-eabi/5.4.1/../../../../arm-none-eabi/lib/armv7e-m/fpu/libm.a
LOAD Drivers/STM32F4xx_HAL_Driver/stm32f4xx_hal.o
LOAD Drivers/STM32F4xx_HAL_Driver/stm32f4xx_hal_cortex.o
LOAD Drivers/STM32F4xx_HAL_Driver/stm32f4xx_hal_dma.o
LOAD Drivers/STM32F4xx_HAL_Driver/stm32f4xx_hal_dma_ex.o
LOAD Drivers/STM32F4xx_HAL_Driver/stm32f4xx_hal_flash.o
LOAD Drivers/STM32F4xx_HAL_Driver/stm32f4xx_hal_flash_ex.o
LOAD Drivers/STM32F4xx_HAL_Driver/stm32f4xx_hal_flash_ramfunc.o
LOAD Drivers/STM32F4xx_HAL_Driver/stm32f4xx_hal_gpio.o
LOAD Drivers/STM32F4xx_HAL_Driver/stm32f4xx_hal_i2c.o
LOAD Drivers/STM32F4xx_HAL_Driver/stm32f4xx_hal_i2c_ex.o
LOAD Drivers/STM32F4xx_HAL_Driver/stm32f4xx_hal_pwr.o
LOAD Drivers/STM32F4xx_HAL_Driver/stm32f4xx_hal_pwr_ex.o
LOAD Drivers/STM32F4xx_HAL_Driver/stm32f4xx_hal_rcc.o
LOAD Drivers/STM32F4xx_HAL_Driver/stm32f4xx_hal_rcc_ex.o
LOAD Drivers/STM32F4xx_HAL_Driver/stm32f4xx_hal_tim.o
LOAD Drivers/STM32F4xx_HAL_Driver/stm32f4xx_hal_tim_ex.o
LOAD Drivers/CMSIS/system_stm32f4xx.o
LOAD Application/User/main.o
LOAD Application/User/stm32f4xx_hal_msp.o
LOAD Application/User/stm32f4xx_it.o
LOAD Application/SW4STM32/startup_stm32f411xe.o
START GROUP
LOAD /home/kakses/Programy/eclipse/plugins/fr.ac6.mcu.externaltools.arm-none.linux64_1.11.0.201610101240/tools/gcc-arm-none-eabi-5_4-2016q2/bin/../lib/gcc/arm-none-eabi/5.4.1/armv7e-m/fpu/libgcc.a
LOAD /home/kakses/Programy/eclipse/plugins/fr.ac6.mcu.externaltools.arm-none.linux64_1.11.0.201610101240/tools/gcc-arm-none-eabi-5_4-2016q2/bin/../lib/gcc/arm-none-eabi/5.4.1/../../../../arm-none-eabi/lib/armv7e-m/fpu/libc_nano.a
END GROUP
START GROUP
LOAD /home/kakses/Programy/eclipse/plugins/fr.ac6.mcu.externaltools.arm-none.linux64_1.11.0.201610101240/tools/gcc-arm-none-eabi-5_4-2016q2/bin/../lib/gcc/arm-none-eabi/5.4.1/armv7e-m/fpu/libgcc.a
LOAD /home/kakses/Programy/eclipse/plugins/fr.ac6.mcu.externaltools.arm-none.linux64_1.11.0.201610101240/tools/gcc-arm-none-eabi-5_4-2016q2/bin/../lib/gcc/arm-none-eabi/5.4.1/../../../../arm-none-eabi/lib/armv7e-m/fpu/libc_nano.a
LOAD /home/kakses/Programy/eclipse/plugins/fr.ac6.mcu.externaltools.arm-none.linux64_1.11.0.201610101240/tools/gcc-arm-none-eabi-5_4-2016q2/bin/../lib/gcc/arm-none-eabi/5.4.1/../../../../arm-none-eabi/lib/armv7e-m/fpu/libnosys.a
END GROUP
START GROUP
LOAD /home/kakses/Programy/eclipse/plugins/fr.ac6.mcu.externaltools.arm-none.linux64_1.11.0.201610101240/tools/gcc-arm-none-eabi-5_4-2016q2/bin/../lib/gcc/arm-none-eabi/5.4.1/armv7e-m/fpu/libgcc.a
LOAD /home/kakses/Programy/eclipse/plugins/fr.ac6.mcu.externaltools.arm-none.linux64_1.11.0.201610101240/tools/gcc-arm-none-eabi-5_4-2016q2/bin/../lib/gcc/arm-none-eabi/5.4.1/../../../../arm-none-eabi/lib/armv7e-m/fpu/libc_nano.a
LOAD /home/kakses/Programy/eclipse/plugins/fr.ac6.mcu.externaltools.arm-none.linux64_1.11.0.201610101240/tools/gcc-arm-none-eabi-5_4-2016q2/bin/../lib/gcc/arm-none-eabi/5.4.1/../../../../arm-none-eabi/lib/armv7e-m/fpu/libnosys.a
END GROUP
LOAD /home/kakses/Programy/eclipse/plugins/fr.ac6.mcu.externaltools.arm-none.linux64_1.11.0.201610101240/tools/gcc-arm-none-eabi-5_4-2016q2/bin/../lib/gcc/arm-none-eabi/5.4.1/armv7e-m/fpu/crtend.o
LOAD /home/kakses/Programy/eclipse/plugins/fr.ac6.mcu.externaltools.arm-none.linux64_1.11.0.201610101240/tools/gcc-arm-none-eabi-5_4-2016q2/bin/../lib/gcc/arm-none-eabi/5.4.1/armv7e-m/fpu/crtn.o
                0x20020000                _estack = 0x20020000
                0x00000200                _Min_Heap_Size = 0x200
                0x00000400                _Min_Stack_Size = 0x400

.isr_vector     0x08000000      0x198
                0x08000000                . = ALIGN (0x4)
 *(.isr_vector)
 .isr_vector    0x08000000      0x198 Application/SW4STM32/startup_stm32f411xe.o
                0x08000000                g_pfnVectors
                0x08000198                . = ALIGN (0x4)

.text           0x08000198     0x2c3c
                0x08000198                . = ALIGN (0x4)
 *(.text)
 .text          0x08000198       0x5c /home/kakses/Programy/eclipse/plugins/fr.ac6.mcu.externaltools.arm-none.linux64_1.11.0.201610101240/tools/gcc-arm-none-eabi-5_4-2016q2/bin/../lib/gcc/arm-none-eabi/5.4.1/armv7e-m/fpu/crtbegin.o
 *(.text*)
 .text.HAL_Init
                0x080001f4       0x44 Drivers/STM32F4xx_HAL_Driver/stm32f4xx_hal.o
                0x080001f4                HAL_Init
 .text.HAL_InitTick
                0x08000238       0x38 Drivers/STM32F4xx_HAL_Driver/stm32f4xx_hal.o
                0x08000238                HAL_InitTick
 .text.HAL_IncTick
                0x08000270       0x1c Drivers/STM32F4xx_HAL_Driver/stm32f4xx_hal.o
                0x08000270                HAL_IncTick
 .text.HAL_GetTick
                0x0800028c       0x18 Drivers/STM32F4xx_HAL_Driver/stm32f4xx_hal.o
                0x0800028c                HAL_GetTick
 .text.NVIC_SetPriorityGrouping
                0x080002a4       0x48 Drivers/STM32F4xx_HAL_Driver/stm32f4xx_hal_cortex.o
 .text.NVIC_GetPriorityGrouping
                0x080002ec       0x1c Drivers/STM32F4xx_HAL_Driver/stm32f4xx_hal_cortex.o
 .text.NVIC_EnableIRQ
                0x08000308       0x34 Drivers/STM32F4xx_HAL_Driver/stm32f4xx_hal_cortex.o
 .text.NVIC_SetPriority
                0x0800033c       0x54 Drivers/STM32F4xx_HAL_Driver/stm32f4xx_hal_cortex.o
 .text.NVIC_EncodePriority
                0x08000390       0x64 Drivers/STM32F4xx_HAL_Driver/stm32f4xx_hal_cortex.o
 .text.SysTick_Config
                0x080003f4       0x44 Drivers/STM32F4xx_HAL_Driver/stm32f4xx_hal_cortex.o
 .text.HAL_NVIC_SetPriorityGrouping
                0x08000438       0x18 Drivers/STM32F4xx_HAL_Driver/stm32f4xx_hal_cortex.o
                0x08000438                HAL_NVIC_SetPriorityGrouping
 .text.HAL_NVIC_SetPriority
                0x08000450       0x38 Drivers/STM32F4xx_HAL_Driver/stm32f4xx_hal_cortex.o
                0x08000450                HAL_NVIC_SetPriority
 .text.HAL_NVIC_EnableIRQ
                0x08000488       0x1c Drivers/STM32F4xx_HAL_Driver/stm32f4xx_hal_cortex.o
                0x08000488                HAL_NVIC_EnableIRQ
 .text.HAL_SYSTICK_Config
                0x080004a4       0x18 Drivers/STM32F4xx_HAL_Driver/stm32f4xx_hal_cortex.o
                0x080004a4                HAL_SYSTICK_Config
 .text.HAL_SYSTICK_CLKSourceConfig
                0x080004bc       0x38 Drivers/STM32F4xx_HAL_Driver/stm32f4xx_hal_cortex.o
                0x080004bc                HAL_SYSTICK_CLKSourceConfig
 .text.HAL_SYSTICK_IRQHandler
                0x080004f4        0xc Drivers/STM32F4xx_HAL_Driver/stm32f4xx_hal_cortex.o
                0x080004f4                HAL_SYSTICK_IRQHandler
 .text.HAL_SYSTICK_Callback
                0x08000500       0x10 Drivers/STM32F4xx_HAL_Driver/stm32f4xx_hal_cortex.o
                0x08000500                HAL_SYSTICK_Callback
 .text.HAL_GPIO_Init
                0x08000510      0x304 Drivers/STM32F4xx_HAL_Driver/stm32f4xx_hal_gpio.o
                0x08000510                HAL_GPIO_Init
 .text.HAL_GPIO_WritePin
                0x08000814       0x34 Drivers/STM32F4xx_HAL_Driver/stm32f4xx_hal_gpio.o
                0x08000814                HAL_GPIO_WritePin
 .text.HAL_GPIO_TogglePin
                0x08000848       0x24 Drivers/STM32F4xx_HAL_Driver/stm32f4xx_hal_gpio.o
                0x08000848                HAL_GPIO_TogglePin
 .text.HAL_I2C_Init
                0x0800086c      0x1c0 Drivers/STM32F4xx_HAL_Driver/stm32f4xx_hal_i2c.o
                0x0800086c                HAL_I2C_Init
 .text.HAL_I2C_Mem_Write
                0x08000a2c      0x214 Drivers/STM32F4xx_HAL_Driver/stm32f4xx_hal_i2c.o
                0x08000a2c                HAL_I2C_Mem_Write
 .text.HAL_I2C_Mem_Read
                0x08000c40      0x460 Drivers/STM32F4xx_HAL_Driver/stm32f4xx_hal_i2c.o
                0x08000c40                HAL_I2C_Mem_Read
 .text.I2C_RequestMemoryWrite
                0x080010a0      0x124 Drivers/STM32F4xx_HAL_Driver/stm32f4xx_hal_i2c.o
 .text.I2C_RequestMemoryRead
                0x080011c4      0x1c4 Drivers/STM32F4xx_HAL_Driver/stm32f4xx_hal_i2c.o
 .text.I2C_WaitOnFlagUntilTimeout
                0x08001388       0xa4 Drivers/STM32F4xx_HAL_Driver/stm32f4xx_hal_i2c.o
 .text.I2C_WaitOnMasterAddressFlagUntilTimeout
                0x0800142c       0xdc Drivers/STM32F4xx_HAL_Driver/stm32f4xx_hal_i2c.o
 .text.I2C_WaitOnTXEFlagUntilTimeout
                0x08001508       0x7c Drivers/STM32F4xx_HAL_Driver/stm32f4xx_hal_i2c.o
 .text.I2C_WaitOnBTFFlagUntilTimeout
                0x08001584       0x7c Drivers/STM32F4xx_HAL_Driver/stm32f4xx_hal_i2c.o
 .text.I2C_WaitOnRXNEFlagUntilTimeout
                0x08001600       0x94 Drivers/STM32F4xx_HAL_Driver/stm32f4xx_hal_i2c.o
 .text.I2C_IsAcknowledgeFailed
                0x08001694       0x50 Drivers/STM32F4xx_HAL_Driver/stm32f4xx_hal_i2c.o
 .text.HAL_RCC_OscConfig
                0x080016e4      0x424 Drivers/STM32F4xx_HAL_Driver/stm32f4xx_hal_rcc.o
                0x080016e4                HAL_RCC_OscConfig
 .text.HAL_RCC_ClockConfig
                0x08001b08      0x224 Drivers/STM32F4xx_HAL_Driver/stm32f4xx_hal_rcc.o
                0x08001b08                HAL_RCC_ClockConfig
 .text.HAL_RCC_GetSysClockFreq
                0x08001d2c       0xfc Drivers/STM32F4xx_HAL_Driver/stm32f4xx_hal_rcc.o
                0x08001d2c                HAL_RCC_GetSysClockFreq
 .text.HAL_RCC_GetHCLKFreq
                0x08001e28       0x18 Drivers/STM32F4xx_HAL_Driver/stm32f4xx_hal_rcc.o
                0x08001e28                HAL_RCC_GetHCLKFreq
 .text.HAL_RCC_GetPCLK1Freq
                0x08001e40       0x44 Drivers/STM32F4xx_HAL_Driver/stm32f4xx_hal_rcc.o
                0x08001e40                HAL_RCC_GetPCLK1Freq
 .text.HAL_TIM_Base_Init
                0x08001e84       0x58 Drivers/STM32F4xx_HAL_Driver/stm32f4xx_hal_tim.o
                0x08001e84                HAL_TIM_Base_Init
 .text.HAL_TIM_Base_Start_IT
                0x08001edc       0x38 Drivers/STM32F4xx_HAL_Driver/stm32f4xx_hal_tim.o
                0x08001edc                HAL_TIM_Base_Start_IT
 .text.HAL_TIM_OC_Init
                0x08001f14       0x58 Drivers/STM32F4xx_HAL_Driver/stm32f4xx_hal_tim.o
                0x08001f14                HAL_TIM_OC_Init
 .text.HAL_TIM_OC_MspInit
                0x08001f6c       0x14 Drivers/STM32F4xx_HAL_Driver/stm32f4xx_hal_tim.o
                0x08001f6c                HAL_TIM_OC_MspInit
 .text.HAL_TIM_IRQHandler
                0x08001f80      0x210 Drivers/STM32F4xx_HAL_Driver/stm32f4xx_hal_tim.o
                0x08001f80                HAL_TIM_IRQHandler
 .text.HAL_TIM_OC_ConfigChannel
                0x08002190       0xc0 Drivers/STM32F4xx_HAL_Driver/stm32f4xx_hal_tim.o
                0x08002190                HAL_TIM_OC_ConfigChannel
 .text.HAL_TIM_OC_DelayElapsedCallback
                0x08002250       0x14 Drivers/STM32F4xx_HAL_Driver/stm32f4xx_hal_tim.o
                0x08002250                HAL_TIM_OC_DelayElapsedCallback
 .text.HAL_TIM_IC_CaptureCallback
                0x08002264       0x14 Drivers/STM32F4xx_HAL_Driver/stm32f4xx_hal_tim.o
                0x08002264                HAL_TIM_IC_CaptureCallback
 .text.HAL_TIM_PWM_PulseFinishedCallback
                0x08002278       0x14 Drivers/STM32F4xx_HAL_Driver/stm32f4xx_hal_tim.o
                0x08002278                HAL_TIM_PWM_PulseFinishedCallback
 .text.HAL_TIM_TriggerCallback
                0x0800228c       0x14 Drivers/STM32F4xx_HAL_Driver/stm32f4xx_hal_tim.o
                0x0800228c                HAL_TIM_TriggerCallback
 .text.TIM_Base_SetConfig
                0x080022a0      0x108 Drivers/STM32F4xx_HAL_Driver/stm32f4xx_hal_tim.o
                0x080022a0                TIM_Base_SetConfig
 .text.TIM_OC2_SetConfig
                0x080023a8       0xdc Drivers/STM32F4xx_HAL_Driver/stm32f4xx_hal_tim.o
                0x080023a8                TIM_OC2_SetConfig
 .text.TIM_OC1_SetConfig
                0x08002484       0xd0 Drivers/STM32F4xx_HAL_Driver/stm32f4xx_hal_tim.o
 .text.TIM_OC3_SetConfig
                0x08002554       0xd8 Drivers/STM32F4xx_HAL_Driver/stm32f4xx_hal_tim.o
 .text.TIM_OC4_SetConfig
                0x0800262c       0xac Drivers/STM32F4xx_HAL_Driver/stm32f4xx_hal_tim.o
 .text.HAL_TIMEx_CommutationCallback
                0x080026d8       0x14 Drivers/STM32F4xx_HAL_Driver/stm32f4xx_hal_tim_ex.o
                0x080026d8                HAL_TIMEx_CommutationCallback
 .text.HAL_TIMEx_BreakCallback
                0x080026ec       0x14 Drivers/STM32F4xx_HAL_Driver/stm32f4xx_hal_tim_ex.o
                0x080026ec                HAL_TIMEx_BreakCallback
 .text.SystemInit
                0x08002700       0x6c Drivers/CMSIS/system_stm32f4xx.o
                0x08002700                SystemInit
 .text.HAL_TIM_PeriodElapsedCallback
                0x0800276c      0x13c Application/User/main.o
                0x0800276c                HAL_TIM_PeriodElapsedCallback
 .text.main     0x080028a8       0x58 Application/User/main.o
                0x080028a8                main
 .text.SystemClock_Config
                0x08002900       0xdc Application/User/main.o
                0x08002900                SystemClock_Config
 .text.MX_I2C1_Init
                0x080029dc       0x5c Application/User/main.o
 .text.MX_TIM10_Init
                0x08002a38       0x84 Application/User/main.o
 .text.MX_GPIO_Init
                0x08002abc       0x78 Application/User/main.o
 .text.Error_Handler
                0x08002b34        0x8 Application/User/main.o
                0x08002b34                Error_Handler
 .text.HAL_MspInit
                0x08002b3c       0x64 Application/User/stm32f4xx_hal_msp.o
                0x08002b3c                HAL_MspInit
 .text.HAL_I2C_MspInit
                0x08002ba0       0x64 Application/User/stm32f4xx_hal_msp.o
                0x08002ba0                HAL_I2C_MspInit
 .text.HAL_TIM_Base_MspInit
                0x08002c04       0x50 Application/User/stm32f4xx_hal_msp.o
                0x08002c04                HAL_TIM_Base_MspInit
 .text.HAL_TIM_MspPostInit
                0x08002c54       0x44 Application/User/stm32f4xx_hal_msp.o
                0x08002c54                HAL_TIM_MspPostInit
 .text.NMI_Handler
                0x08002c98       0x10 Application/User/stm32f4xx_it.o
                0x08002c98                NMI_Handler
 .text.HardFault_Handler
                0x08002ca8        0x8 Application/User/stm32f4xx_it.o
                0x08002ca8                HardFault_Handler
 .text.MemManage_Handler
                0x08002cb0        0x8 Application/User/stm32f4xx_it.o
                0x08002cb0                MemManage_Handler
 .text.BusFault_Handler
                0x08002cb8        0x8 Application/User/stm32f4xx_it.o
                0x08002cb8                BusFault_Handler
 .text.UsageFault_Handler
                0x08002cc0        0x8 Application/User/stm32f4xx_it.o
                0x08002cc0                UsageFault_Handler
 .text.SVC_Handler
                0x08002cc8       0x10 Application/User/stm32f4xx_it.o
                0x08002cc8                SVC_Handler
 .text.DebugMon_Handler
                0x08002cd8       0x10 Application/User/stm32f4xx_it.o
                0x08002cd8                DebugMon_Handler
 .text.PendSV_Handler
                0x08002ce8       0x10 Application/User/stm32f4xx_it.o
                0x08002ce8                PendSV_Handler
 .text.SysTick_Handler
                0x08002cf8       0x10 Application/User/stm32f4xx_it.o
                0x08002cf8                SysTick_Handler
 .text.TIM1_UP_TIM10_IRQHandler
                0x08002d08       0x14 Application/User/stm32f4xx_it.o
                0x08002d08                TIM1_UP_TIM10_IRQHandler
 .text.Reset_Handler
                0x08002d1c       0x50 Application/SW4STM32/startup_stm32f411xe.o
                0x08002d1c                Reset_Handler
 .text.Default_Handler
                0x08002d6c        0x2 Application/SW4STM32/startup_stm32f411xe.o
                0x08002d6c                RTC_Alarm_IRQHandler
                0x08002d6c                EXTI2_IRQHandler
                0x08002d6c                SPI4_IRQHandler
                0x08002d6c                TIM1_CC_IRQHandler
                0x08002d6c                DMA2_Stream5_IRQHandler
                0x08002d6c                DMA1_Stream5_IRQHandler
                0x08002d6c                PVD_IRQHandler
                0x08002d6c                SDIO_IRQHandler
                0x08002d6c                TAMP_STAMP_IRQHandler
                0x08002d6c                EXTI3_IRQHandler
                0x08002d6c                I2C3_ER_IRQHandler
                0x08002d6c                EXTI0_IRQHandler
                0x08002d6c                I2C2_EV_IRQHandler
                0x08002d6c                DMA1_Stream2_IRQHandler
                0x08002d6c                FPU_IRQHandler
                0x08002d6c                DMA2_Stream2_IRQHandler
                0x08002d6c                SPI1_IRQHandler
                0x08002d6c                TIM1_BRK_TIM9_IRQHandler
                0x08002d6c                DMA2_Stream3_IRQHandler
                0x08002d6c                USART6_IRQHandler
                0x08002d6c                DMA2_Stream0_IRQHandler
                0x08002d6c                TIM4_IRQHandler
                0x08002d6c                I2C1_EV_IRQHandler
                0x08002d6c                DMA1_Stream6_IRQHandler
                0x08002d6c                DMA1_Stream1_IRQHandler
                0x08002d6c                TIM3_IRQHandler
                0x08002d6c                RCC_IRQHandler
                0x08002d6c                Default_Handler
                0x08002d6c                EXTI15_10_IRQHandler
                0x08002d6c                ADC_IRQHandler
                0x08002d6c                DMA1_Stream7_IRQHandler
                0x08002d6c                SPI5_IRQHandler
                0x08002d6c                TIM5_IRQHandler
                0x08002d6c                DMA2_Stream7_IRQHandler
                0x08002d6c                I2C3_EV_IRQHandler
                0x08002d6c                EXTI9_5_IRQHandler
                0x08002d6c                RTC_WKUP_IRQHandler
                0x08002d6c                SPI2_IRQHandler
                0x08002d6c                DMA1_Stream0_IRQHandler
                0x08002d6c                EXTI4_IRQHandler
                0x08002d6c                WWDG_IRQHandler
                0x08002d6c                TIM2_IRQHandler
                0x08002d6c                OTG_FS_WKUP_IRQHandler
                0x08002d6c                TIM1_TRG_COM_TIM11_IRQHandler
                0x08002d6c                EXTI1_IRQHandler
                0x08002d6c                USART2_IRQHandler
                0x08002d6c                I2C2_ER_IRQHandler
                0x08002d6c                DMA2_Stream1_IRQHandler
                0x08002d6c                FLASH_IRQHandler
                0x08002d6c                DMA2_Stream4_IRQHandler
                0x08002d6c                USART1_IRQHandler
                0x08002d6c                OTG_FS_IRQHandler
                0x08002d6c                SPI3_IRQHandler
                0x08002d6c                DMA1_Stream4_IRQHandler
                0x08002d6c                I2C1_ER_IRQHandler
                0x08002d6c                DMA2_Stream6_IRQHandler
                0x08002d6c                DMA1_Stream3_IRQHandler
 *fill*         0x08002d6e        0x2 
 .text.__libc_init_array
                0x08002d70       0x4c /home/kakses/Programy/eclipse/plugins/fr.ac6.mcu.externaltools.arm-none.linux64_1.11.0.201610101240/tools/gcc-arm-none-eabi-5_4-2016q2/bin/../lib/gcc/arm-none-eabi/5.4.1/../../../../arm-none-eabi/lib/armv7e-m/fpu/libc_nano.a(lib_a-init.o)
                0x08002d70                __libc_init_array
 *(.glue_7)
 .glue_7        0x08002dbc        0x0 linker stubs
 *(.glue_7t)
 .glue_7t       0x08002dbc        0x0 linker stubs
 *(.eh_frame)
 .eh_frame      0x08002dbc        0x0 /home/kakses/Programy/eclipse/plugins/fr.ac6.mcu.externaltools.arm-none.linux64_1.11.0.201610101240/tools/gcc-arm-none-eabi-5_4-2016q2/bin/../lib/gcc/arm-none-eabi/5.4.1/armv7e-m/fpu/crtbegin.o
 *(.init)
 .init          0x08002dbc        0x4 /home/kakses/Programy/eclipse/plugins/fr.ac6.mcu.externaltools.arm-none.linux64_1.11.0.201610101240/tools/gcc-arm-none-eabi-5_4-2016q2/bin/../lib/gcc/arm-none-eabi/5.4.1/armv7e-m/fpu/crti.o
                0x08002dbc                _init
 .init          0x08002dc0        0x8 /home/kakses/Programy/eclipse/plugins/fr.ac6.mcu.externaltools.arm-none.linux64_1.11.0.201610101240/tools/gcc-arm-none-eabi-5_4-2016q2/bin/../lib/gcc/arm-none-eabi/5.4.1/armv7e-m/fpu/crtn.o
 *(.fini)
 .fini          0x08002dc8        0x4 /home/kakses/Programy/eclipse/plugins/fr.ac6.mcu.externaltools.arm-none.linux64_1.11.0.201610101240/tools/gcc-arm-none-eabi-5_4-2016q2/bin/../lib/gcc/arm-none-eabi/5.4.1/armv7e-m/fpu/crti.o
                0x08002dc8                _fini
 .fini          0x08002dcc        0x8 /home/kakses/Programy/eclipse/plugins/fr.ac6.mcu.externaltools.arm-none.linux64_1.11.0.201610101240/tools/gcc-arm-none-eabi-5_4-2016q2/bin/../lib/gcc/arm-none-eabi/5.4.1/armv7e-m/fpu/crtn.o
                0x08002dd4                . = ALIGN (0x4)
                0x08002dd4                _etext = .

.vfp11_veneer   0x08002dd4        0x0
 .vfp11_veneer  0x08002dd4        0x0 linker stubs

.v4_bx          0x08002dd4        0x0
 .v4_bx         0x08002dd4        0x0 linker stubs

.iplt           0x08002dd4        0x0
 .iplt          0x08002dd4        0x0 /home/kakses/Programy/eclipse/plugins/fr.ac6.mcu.externaltools.arm-none.linux64_1.11.0.201610101240/tools/gcc-arm-none-eabi-5_4-2016q2/bin/../lib/gcc/arm-none-eabi/5.4.1/armv7e-m/fpu/crtbegin.o

.rodata         0x08002dd4       0x10
                0x08002dd4                . = ALIGN (0x4)
 *(.rodata)
 .rodata        0x08002dd4       0x10 Drivers/STM32F4xx_HAL_Driver/stm32f4xx_hal_rcc.o
                0x08002dd4                APBAHBPrescTable
 *(.rodata*)
                0x08002de4                . = ALIGN (0x4)

.rel.dyn        0x08002de4        0x0
 .rel.iplt      0x08002de4        0x0 /home/kakses/Programy/eclipse/plugins/fr.ac6.mcu.externaltools.arm-none.linux64_1.11.0.201610101240/tools/gcc-arm-none-eabi-5_4-2016q2/bin/../lib/gcc/arm-none-eabi/5.4.1/armv7e-m/fpu/crtbegin.o

.ARM.extab
 *(.ARM.extab* .gnu.linkonce.armextab.*)

.ARM            0x08002de4        0x0
                0x08002de4                __exidx_start = .
 *(.ARM.exidx*)
                0x08002de4                __exidx_end = .

.preinit_array  0x08002de4        0x0
                0x08002de4                PROVIDE (__preinit_array_start, .)
 *(.preinit_array*)
                0x08002de4                PROVIDE (__preinit_array_end, .)

.init_array     0x08002de4        0x4
                0x08002de4                PROVIDE (__init_array_start, .)
 *(SORT(.init_array.*))
 *(.init_array*)
 .init_array    0x08002de4        0x4 /home/kakses/Programy/eclipse/plugins/fr.ac6.mcu.externaltools.arm-none.linux64_1.11.0.201610101240/tools/gcc-arm-none-eabi-5_4-2016q2/bin/../lib/gcc/arm-none-eabi/5.4.1/armv7e-m/fpu/crtbegin.o
                0x08002de8                PROVIDE (__init_array_end, .)

.fini_array     0x08002de8        0x4
                [!provide]                PROVIDE (__fini_array_start, .)
 *(SORT(.fini_array.*))
 *(.fini_array*)
 .fini_array    0x08002de8        0x4 /home/kakses/Programy/eclipse/plugins/fr.ac6.mcu.externaltools.arm-none.linux64_1.11.0.201610101240/tools/gcc-arm-none-eabi-5_4-2016q2/bin/../lib/gcc/arm-none-eabi/5.4.1/armv7e-m/fpu/crtbegin.o
                [!provide]                PROVIDE (__fini_array_end, .)
                0x08002dec                _sidata = LOADADDR (.data)

.data           0x20000000       0x10 load address 0x08002dec
                0x20000000                . = ALIGN (0x4)
                0x20000000                _sdata = .
 *(.data)
 .data          0x20000000        0x4 Drivers/CMSIS/system_stm32f4xx.o
                0x20000000                SystemCoreClock
 .data          0x20000004        0xc Application/User/main.o
                0x20000004                acc_dev_addr
                0x20000006                acc_mem
                0x20000008                acc_write_message
                0x2000000a                acc_out_x
                0x2000000c                acc_out_y
                0x2000000e                acc_out_z
 *(.data*)
                0x20000010                . = ALIGN (0x4)
                0x20000010                _edata = .

.jcr            0x20000010        0x0 load address 0x08002dfc
 .jcr           0x20000010        0x0 /home/kakses/Programy/eclipse/plugins/fr.ac6.mcu.externaltools.arm-none.linux64_1.11.0.201610101240/tools/gcc-arm-none-eabi-5_4-2016q2/bin/../lib/gcc/arm-none-eabi/5.4.1/armv7e-m/fpu/crtbegin.o

.igot.plt       0x20000010        0x0 load address 0x08002dfc
 .igot.plt      0x20000010        0x0 /home/kakses/Programy/eclipse/plugins/fr.ac6.mcu.externaltools.arm-none.linux64_1.11.0.201610101240/tools/gcc-arm-none-eabi-5_4-2016q2/bin/../lib/gcc/arm-none-eabi/5.4.1/armv7e-m/fpu/crtbegin.o
                0x20000010                . = ALIGN (0x4)

.bss            0x20000010      0x144 load address 0x08002dfc
                0x20000010                _sbss = .
                0x20000010                __bss_start__ = _sbss
 *(.bss)
 .bss           0x20000010       0x1c /home/kakses/Programy/eclipse/plugins/fr.ac6.mcu.externaltools.arm-none.linux64_1.11.0.201610101240/tools/gcc-arm-none-eabi-5_4-2016q2/bin/../lib/gcc/arm-none-eabi/5.4.1/armv7e-m/fpu/crtbegin.o
 .bss           0x2000002c        0x4 Application/User/main.o
 *(.bss*)
 *(COMMON)
 COMMON         0x20000030        0x4 Drivers/STM32F4xx_HAL_Driver/stm32f4xx_hal.o
                0x20000030                uwTick
 COMMON         0x20000034      0x120 Application/User/main.o
                0x20000034                hi2c1
                0x20000088                htim10
                0x200000c4                res_values
                0x20000154                . = ALIGN (0x4)
                0x20000154                _ebss = .
                0x20000154                __bss_end__ = _ebss

._user_heap_stack
                0x20000154      0x604 load address 0x08002dfc
                0x20000158                . = ALIGN (0x8)
 *fill*         0x20000154        0x4 
                [!provide]                PROVIDE (end, .)
                [!provide]                PROVIDE (_end, .)
                0x20000358                . = (. + _Min_Heap_Size)
 *fill*         0x20000158      0x200 
                0x20000758                . = (. + _Min_Stack_Size)
 *fill*         0x20000358      0x400 
                0x20000758                . = ALIGN (0x8)

/DISCARD/
 libc.a(*)
 libm.a(*)
 libgcc.a(*)

.ARM.attributes
                0x00000000       0x30
 *(.ARM.attributes)
 .ARM.attributes
                0x00000000       0x22 /home/kakses/Programy/eclipse/plugins/fr.ac6.mcu.externaltools.arm-none.linux64_1.11.0.201610101240/tools/gcc-arm-none-eabi-5_4-2016q2/bin/../lib/gcc/arm-none-eabi/5.4.1/armv7e-m/fpu/crti.o
 .ARM.attributes
                0x00000022       0x34 /home/kakses/Programy/eclipse/plugins/fr.ac6.mcu.externaltools.arm-none.linux64_1.11.0.201610101240/tools/gcc-arm-none-eabi-5_4-2016q2/bin/../lib/gcc/arm-none-eabi/5.4.1/armv7e-m/fpu/crtbegin.o
 .ARM.attributes
                0x00000056       0x39 Drivers/STM32F4xx_HAL_Driver/stm32f4xx_hal.o
 .ARM.attributes
                0x0000008f       0x39 Drivers/STM32F4xx_HAL_Driver/stm32f4xx_hal_cortex.o
 .ARM.attributes
                0x000000c8       0x39 Drivers/STM32F4xx_HAL_Driver/stm32f4xx_hal_gpio.o
 .ARM.attributes
                0x00000101       0x39 Drivers/STM32F4xx_HAL_Driver/stm32f4xx_hal_i2c.o
 .ARM.attributes
                0x0000013a       0x39 Drivers/STM32F4xx_HAL_Driver/stm32f4xx_hal_rcc.o
 .ARM.attributes
                0x00000173       0x39 Drivers/STM32F4xx_HAL_Driver/stm32f4xx_hal_tim.o
 .ARM.attributes
                0x000001ac       0x39 Drivers/STM32F4xx_HAL_Driver/stm32f4xx_hal_tim_ex.o
 .ARM.attributes
                0x000001e5       0x39 Drivers/CMSIS/system_stm32f4xx.o
 .ARM.attributes
                0x0000021e       0x39 Application/User/main.o
 .ARM.attributes
                0x00000257       0x39 Application/User/stm32f4xx_hal_msp.o
 .ARM.attributes
                0x00000290       0x39 Application/User/stm32f4xx_it.o
 .ARM.attributes
                0x000002c9       0x21 Application/SW4STM32/startup_stm32f411xe.o
 .ARM.attributes
                0x000002ea       0x34 /home/kakses/Programy/eclipse/plugins/fr.ac6.mcu.externaltools.arm-none.linux64_1.11.0.201610101240/tools/gcc-arm-none-eabi-5_4-2016q2/bin/../lib/gcc/arm-none-eabi/5.4.1/../../../../arm-none-eabi/lib/armv7e-m/fpu/libc_nano.a(lib_a-init.o)
 .ARM.attributes
                0x0000031e       0x22 /home/kakses/Programy/eclipse/plugins/fr.ac6.mcu.externaltools.arm-none.linux64_1.11.0.201610101240/tools/gcc-arm-none-eabi-5_4-2016q2/bin/../lib/gcc/arm-none-eabi/5.4.1/armv7e-m/fpu/crtn.o
OUTPUT(acceleration.elf elf32-littlearm)

.debug_info     0x00000000     0xa29b
 .debug_info    0x00000000      0x7e8 Drivers/STM32F4xx_HAL_Driver/stm32f4xx_hal.o
 .debug_info    0x000007e8      0xc90 Drivers/STM32F4xx_HAL_Driver/stm32f4xx_hal_cortex.o
 .debug_info    0x00001478      0x749 Drivers/STM32F4xx_HAL_Driver/stm32f4xx_hal_gpio.o
 .debug_info    0x00001bc1     0x2043 Drivers/STM32F4xx_HAL_Driver/stm32f4xx_hal_i2c.o
 .debug_info    0x00003c04      0xb62 Drivers/STM32F4xx_HAL_Driver/stm32f4xx_hal_rcc.o
 .debug_info    0x00004766     0x218a Drivers/STM32F4xx_HAL_Driver/stm32f4xx_hal_tim.o
 .debug_info    0x000068f0      0xf50 Drivers/STM32F4xx_HAL_Driver/stm32f4xx_hal_tim_ex.o
 .debug_info    0x00007840      0x4ff Drivers/CMSIS/system_stm32f4xx.o
 .debug_info    0x00007d3f     0x10a7 Application/User/main.o
 .debug_info    0x00008de6      0xda5 Application/User/stm32f4xx_hal_msp.o
 .debug_info    0x00009b8b      0x629 Application/User/stm32f4xx_it.o
 .debug_info    0x0000a1b4       0xe7 Application/SW4STM32/startup_stm32f411xe.o

.debug_abbrev   0x00000000     0x1587
 .debug_abbrev  0x00000000      0x23a Drivers/STM32F4xx_HAL_Driver/stm32f4xx_hal.o
 .debug_abbrev  0x0000023a      0x2cc Drivers/STM32F4xx_HAL_Driver/stm32f4xx_hal_cortex.o
 .debug_abbrev  0x00000506      0x1af Drivers/STM32F4xx_HAL_Driver/stm32f4xx_hal_gpio.o
 .debug_abbrev  0x000006b5      0x20f Drivers/STM32F4xx_HAL_Driver/stm32f4xx_hal_i2c.o
 .debug_abbrev  0x000008c4      0x2b3 Drivers/STM32F4xx_HAL_Driver/stm32f4xx_hal_rcc.o
 .debug_abbrev  0x00000b77      0x21a Drivers/STM32F4xx_HAL_Driver/stm32f4xx_hal_tim.o
 .debug_abbrev  0x00000d91      0x211 Drivers/STM32F4xx_HAL_Driver/stm32f4xx_hal_tim_ex.o
 .debug_abbrev  0x00000fa2      0x104 Drivers/CMSIS/system_stm32f4xx.o
 .debug_abbrev  0x000010a6      0x1f2 Application/User/main.o
 .debug_abbrev  0x00001298      0x17f Application/User/stm32f4xx_hal_msp.o
 .debug_abbrev  0x00001417      0x15e Application/User/stm32f4xx_it.o
 .debug_abbrev  0x00001575       0x12 Application/SW4STM32/startup_stm32f411xe.o

.debug_aranges  0x00000000      0xb08
 .debug_aranges
                0x00000000       0xc0 Drivers/STM32F4xx_HAL_Driver/stm32f4xx_hal.o
 .debug_aranges
                0x000000c0      0x108 Drivers/STM32F4xx_HAL_Driver/stm32f4xx_hal_cortex.o
 .debug_aranges
                0x000001c8       0x58 Drivers/STM32F4xx_HAL_Driver/stm32f4xx_hal_gpio.o
 .debug_aranges
                0x00000220      0x268 Drivers/STM32F4xx_HAL_Driver/stm32f4xx_hal_i2c.o
 .debug_aranges
                0x00000488       0x88 Drivers/STM32F4xx_HAL_Driver/stm32f4xx_hal_rcc.o
 .debug_aranges
                0x00000510      0x368 Drivers/STM32F4xx_HAL_Driver/stm32f4xx_hal_tim.o
 .debug_aranges
                0x00000878      0x140 Drivers/STM32F4xx_HAL_Driver/stm32f4xx_hal_tim_ex.o
 .debug_aranges
                0x000009b8       0x28 Drivers/CMSIS/system_stm32f4xx.o
 .debug_aranges
                0x000009e0       0x50 Application/User/main.o
 .debug_aranges
                0x00000a30       0x48 Application/User/stm32f4xx_hal_msp.o
 .debug_aranges
                0x00000a78       0x68 Application/User/stm32f4xx_it.o
 .debug_aranges
                0x00000ae0       0x28 Application/SW4STM32/startup_stm32f411xe.o

.debug_ranges   0x00000000      0xa50
 .debug_ranges  0x00000000       0xb0 Drivers/STM32F4xx_HAL_Driver/stm32f4xx_hal.o
 .debug_ranges  0x000000b0       0xf8 Drivers/STM32F4xx_HAL_Driver/stm32f4xx_hal_cortex.o
 .debug_ranges  0x000001a8       0x48 Drivers/STM32F4xx_HAL_Driver/stm32f4xx_hal_gpio.o
 .debug_ranges  0x000001f0      0x258 Drivers/STM32F4xx_HAL_Driver/stm32f4xx_hal_i2c.o
 .debug_ranges  0x00000448       0x78 Drivers/STM32F4xx_HAL_Driver/stm32f4xx_hal_rcc.o
 .debug_ranges  0x000004c0      0x358 Drivers/STM32F4xx_HAL_Driver/stm32f4xx_hal_tim.o
 .debug_ranges  0x00000818      0x130 Drivers/STM32F4xx_HAL_Driver/stm32f4xx_hal_tim_ex.o
 .debug_ranges  0x00000948       0x18 Drivers/CMSIS/system_stm32f4xx.o
 .debug_ranges  0x00000960       0x40 Application/User/main.o
 .debug_ranges  0x000009a0       0x38 Application/User/stm32f4xx_hal_msp.o
 .debug_ranges  0x000009d8       0x58 Application/User/stm32f4xx_it.o
 .debug_ranges  0x00000a30       0x20 Application/SW4STM32/startup_stm32f411xe.o

.debug_macro    0x00000000     0xfa34
 .debug_macro   0x00000000      0x366 Drivers/STM32F4xx_HAL_Driver/stm32f4xx_hal.o
 .debug_macro   0x00000366      0x898 Drivers/STM32F4xx_HAL_Driver/stm32f4xx_hal.o
 .debug_macro   0x00000bfe      0x17f Drivers/STM32F4xx_HAL_Driver/stm32f4xx_hal.o
 .debug_macro   0x00000d7d       0x31 Drivers/STM32F4xx_HAL_Driver/stm32f4xx_hal.o
 .debug_macro   0x00000dae       0x28 Drivers/STM32F4xx_HAL_Driver/stm32f4xx_hal.o
 .debug_macro   0x00000dd6       0x22 Drivers/STM32F4xx_HAL_Driver/stm32f4xx_hal.o
 .debug_macro   0x00000df8       0x87 Drivers/STM32F4xx_HAL_Driver/stm32f4xx_hal.o
 .debug_macro   0x00000e7f       0x44 Drivers/STM32F4xx_HAL_Driver/stm32f4xx_hal.o
 .debug_macro   0x00000ec3       0xfd Drivers/STM32F4xx_HAL_Driver/stm32f4xx_hal.o
 .debug_macro   0x00000fc0       0x5e Drivers/STM32F4xx_HAL_Driver/stm32f4xx_hal.o
 .debug_macro   0x0000101e      0x1df Drivers/STM32F4xx_HAL_Driver/stm32f4xx_hal.o
 .debug_macro   0x000011fd       0x35 Drivers/STM32F4xx_HAL_Driver/stm32f4xx_hal.o
 .debug_macro   0x00001232       0x50 Drivers/STM32F4xx_HAL_Driver/stm32f4xx_hal.o
 .debug_macro   0x00001282      0xe66 Drivers/STM32F4xx_HAL_Driver/stm32f4xx_hal.o
 .debug_macro   0x000020e8     0x5102 Drivers/STM32F4xx_HAL_Driver/stm32f4xx_hal.o
 .debug_macro   0x000071ea       0x43 Drivers/STM32F4xx_HAL_Driver/stm32f4xx_hal.o
 .debug_macro   0x0000722d     0x347f Drivers/STM32F4xx_HAL_Driver/stm32f4xx_hal.o
 .debug_macro   0x0000a6ac       0x52 Drivers/STM32F4xx_HAL_Driver/stm32f4xx_hal.o
 .debug_macro   0x0000a6fe       0x35 Drivers/STM32F4xx_HAL_Driver/stm32f4xx_hal.o
 .debug_macro   0x0000a733       0x9c Drivers/STM32F4xx_HAL_Driver/stm32f4xx_hal.o
 .debug_macro   0x0000a7cf       0x16 Drivers/STM32F4xx_HAL_Driver/stm32f4xx_hal.o
 .debug_macro   0x0000a7e5       0x97 Drivers/STM32F4xx_HAL_Driver/stm32f4xx_hal.o
 .debug_macro   0x0000a87c      0x30d Drivers/STM32F4xx_HAL_Driver/stm32f4xx_hal.o
 .debug_macro   0x0000ab89       0xfd Drivers/STM32F4xx_HAL_Driver/stm32f4xx_hal.o
 .debug_macro   0x0000ac86       0x10 Drivers/STM32F4xx_HAL_Driver/stm32f4xx_hal.o
 .debug_macro   0x0000ac96       0x52 Drivers/STM32F4xx_HAL_Driver/stm32f4xx_hal.o
 .debug_macro   0x0000ace8       0x1f Drivers/STM32F4xx_HAL_Driver/stm32f4xx_hal.o
 .debug_macro   0x0000ad07       0x43 Drivers/STM32F4xx_HAL_Driver/stm32f4xx_hal.o
 .debug_macro   0x0000ad4a       0x20 Drivers/STM32F4xx_HAL_Driver/stm32f4xx_hal.o
 .debug_macro   0x0000ad6a      0x187 Drivers/STM32F4xx_HAL_Driver/stm32f4xx_hal.o
 .debug_macro   0x0000aef1       0x10 Drivers/STM32F4xx_HAL_Driver/stm32f4xx_hal.o
 .debug_macro   0x0000af01       0x1c Drivers/STM32F4xx_HAL_Driver/stm32f4xx_hal.o
 .debug_macro   0x0000af1d       0x52 Drivers/STM32F4xx_HAL_Driver/stm32f4xx_hal.o
 .debug_macro   0x0000af6f       0x40 Drivers/STM32F4xx_HAL_Driver/stm32f4xx_hal.o
 .debug_macro   0x0000afaf       0x10 Drivers/STM32F4xx_HAL_Driver/stm32f4xx_hal.o
 .debug_macro   0x0000afbf       0x40 Drivers/STM32F4xx_HAL_Driver/stm32f4xx_hal.o
 .debug_macro   0x0000afff       0xd7 Drivers/STM32F4xx_HAL_Driver/stm32f4xx_hal.o
 .debug_macro   0x0000b0d6       0x16 Drivers/STM32F4xx_HAL_Driver/stm32f4xx_hal.o
 .debug_macro   0x0000b0ec      0x189 Drivers/STM32F4xx_HAL_Driver/stm32f4xx_hal.o
 .debug_macro   0x0000b275       0x50 Drivers/STM32F4xx_HAL_Driver/stm32f4xx_hal.o
 .debug_macro   0x0000b2c5      0x45c Drivers/STM32F4xx_HAL_Driver/stm32f4xx_hal.o
 .debug_macro   0x0000b721      0x9e1 Drivers/STM32F4xx_HAL_Driver/stm32f4xx_hal.o
 .debug_macro   0x0000c102      0x11e Drivers/STM32F4xx_HAL_Driver/stm32f4xx_hal.o
 .debug_macro   0x0000c220      0x11b Drivers/STM32F4xx_HAL_Driver/stm32f4xx_hal.o
 .debug_macro   0x0000c33b       0x27 Drivers/STM32F4xx_HAL_Driver/stm32f4xx_hal.o
 .debug_macro   0x0000c362      0x287 Drivers/STM32F4xx_HAL_Driver/stm32f4xx_hal.o
 .debug_macro   0x0000c5e9       0x5f Drivers/STM32F4xx_HAL_Driver/stm32f4xx_hal.o
 .debug_macro   0x0000c648      0x23a Drivers/STM32F4xx_HAL_Driver/stm32f4xx_hal.o
 .debug_macro   0x0000c882      0x13a Drivers/STM32F4xx_HAL_Driver/stm32f4xx_hal.o
 .debug_macro   0x0000c9bc      0x264 Drivers/STM32F4xx_HAL_Driver/stm32f4xx_hal.o
 .debug_macro   0x0000cc20       0x2e Drivers/STM32F4xx_HAL_Driver/stm32f4xx_hal.o
 .debug_macro   0x0000cc4e      0x1a7 Drivers/STM32F4xx_HAL_Driver/stm32f4xx_hal.o
 .debug_macro   0x0000cdf5       0x22 Drivers/STM32F4xx_HAL_Driver/stm32f4xx_hal.o
 .debug_macro   0x0000ce17       0xa5 Drivers/STM32F4xx_HAL_Driver/stm32f4xx_hal.o
 .debug_macro   0x0000cebc      0x11e Drivers/STM32F4xx_HAL_Driver/stm32f4xx_hal.o
 .debug_macro   0x0000cfda       0x85 Drivers/STM32F4xx_HAL_Driver/stm32f4xx_hal.o
 .debug_macro   0x0000d05f       0x89 Drivers/STM32F4xx_HAL_Driver/stm32f4xx_hal.o
 .debug_macro   0x0000d0e8      0x6d9 Drivers/STM32F4xx_HAL_Driver/stm32f4xx_hal.o
 .debug_macro   0x0000d7c1       0x5b Drivers/STM32F4xx_HAL_Driver/stm32f4xx_hal.o
 .debug_macro   0x0000d81c      0x14d Drivers/STM32F4xx_HAL_Driver/stm32f4xx_hal.o
 .debug_macro   0x0000d969      0x11e Drivers/STM32F4xx_HAL_Driver/stm32f4xx_hal.o
 .debug_macro   0x0000da87      0x318 Drivers/STM32F4xx_HAL_Driver/stm32f4xx_hal_cortex.o
 .debug_macro   0x0000dd9f      0x350 Drivers/STM32F4xx_HAL_Driver/stm32f4xx_hal_gpio.o
 .debug_macro   0x0000e0ef      0x358 Drivers/STM32F4xx_HAL_Driver/stm32f4xx_hal_i2c.o
 .debug_macro   0x0000e447      0x342 Drivers/STM32F4xx_HAL_Driver/stm32f4xx_hal_rcc.o
 .debug_macro   0x0000e789      0x319 Drivers/STM32F4xx_HAL_Driver/stm32f4xx_hal_tim.o
 .debug_macro   0x0000eaa2      0x318 Drivers/STM32F4xx_HAL_Driver/stm32f4xx_hal_tim_ex.o
 .debug_macro   0x0000edba      0x31e Drivers/CMSIS/system_stm32f4xx.o
 .debug_macro   0x0000f0d8      0x322 Application/User/main.o
 .debug_macro   0x0000f3fa      0x318 Application/User/stm32f4xx_hal_msp.o
 .debug_macro   0x0000f712      0x322 Application/User/stm32f4xx_it.o

.debug_line     0x00000000     0x8e61
 .debug_line    0x00000000      0xa1b Drivers/STM32F4xx_HAL_Driver/stm32f4xx_hal.o
 .debug_line    0x00000a1b      0xb4b Drivers/STM32F4xx_HAL_Driver/stm32f4xx_hal_cortex.o
 .debug_line    0x00001566      0xa1a Drivers/STM32F4xx_HAL_Driver/stm32f4xx_hal_gpio.o
 .debug_line    0x00001f80     0x187e Drivers/STM32F4xx_HAL_Driver/stm32f4xx_hal_i2c.o
 .debug_line    0x000037fe      0xb6b Drivers/STM32F4xx_HAL_Driver/stm32f4xx_hal_rcc.o
 .debug_line    0x00004369     0x1819 Drivers/STM32F4xx_HAL_Driver/stm32f4xx_hal_tim.o
 .debug_line    0x00005b82      0xe36 Drivers/STM32F4xx_HAL_Driver/stm32f4xx_hal_tim_ex.o
 .debug_line    0x000069b8      0x8c0 Drivers/CMSIS/system_stm32f4xx.o
 .debug_line    0x00007278      0x918 Application/User/main.o
 .debug_line    0x00007b90      0x8dd Application/User/stm32f4xx_hal_msp.o
 .debug_line    0x0000846d      0x91c Application/User/stm32f4xx_it.o
 .debug_line    0x00008d89       0xd8 Application/SW4STM32/startup_stm32f411xe.o

.debug_str      0x00000000    0x59d81
 .debug_str     0x00000000    0x56c9d Drivers/STM32F4xx_HAL_Driver/stm32f4xx_hal.o
                              0x5700f (size before relaxing)
 .debug_str     0x00056c9d      0x3f7 Drivers/STM32F4xx_HAL_Driver/stm32f4xx_hal_cortex.o
                              0x56ea1 (size before relaxing)
 .debug_str     0x00057094      0x316 Drivers/STM32F4xx_HAL_Driver/stm32f4xx_hal_gpio.o
                              0x56a35 (size before relaxing)
 .debug_str     0x000573aa      0xf38 Drivers/STM32F4xx_HAL_Driver/stm32f4xx_hal_i2c.o
                              0x575ae (size before relaxing)
 .debug_str     0x000582e2      0x3c7 Drivers/STM32F4xx_HAL_Driver/stm32f4xx_hal_rcc.o
                              0x56bac (size before relaxing)
 .debug_str     0x000586a9      0xe76 Drivers/STM32F4xx_HAL_Driver/stm32f4xx_hal_tim.o
                              0x57764 (size before relaxing)
 .debug_str     0x0005951f      0x54c Drivers/STM32F4xx_HAL_Driver/stm32f4xx_hal_tim_ex.o
                              0x57017 (size before relaxing)
 .debug_str     0x00059a6b       0xb3 Drivers/CMSIS/system_stm32f4xx.o
                              0x567de (size before relaxing)
 .debug_str     0x00059b1e      0x105 Application/User/main.o
                              0x57431 (size before relaxing)
 .debug_str     0x00059c23       0x63 Application/User/stm32f4xx_hal_msp.o
                              0x57219 (size before relaxing)
 .debug_str     0x00059c86       0xfb Application/User/stm32f4xx_it.o
                              0x56a97 (size before relaxing)

.comment        0x00000000       0x6e
 .comment       0x00000000       0x6e Drivers/STM32F4xx_HAL_Driver/stm32f4xx_hal.o
                                 0x6f (size before relaxing)
 .comment       0x0000006e       0x6f Drivers/STM32F4xx_HAL_Driver/stm32f4xx_hal_cortex.o
 .comment       0x0000006e       0x6f Drivers/STM32F4xx_HAL_Driver/stm32f4xx_hal_gpio.o
 .comment       0x0000006e       0x6f Drivers/STM32F4xx_HAL_Driver/stm32f4xx_hal_i2c.o
 .comment       0x0000006e       0x6f Drivers/STM32F4xx_HAL_Driver/stm32f4xx_hal_rcc.o
 .comment       0x0000006e       0x6f Drivers/STM32F4xx_HAL_Driver/stm32f4xx_hal_tim.o
 .comment       0x0000006e       0x6f Drivers/STM32F4xx_HAL_Driver/stm32f4xx_hal_tim_ex.o
 .comment       0x0000006e       0x6f Drivers/CMSIS/system_stm32f4xx.o
 .comment       0x0000006e       0x6f Application/User/main.o
 .comment       0x0000006e       0x6f Application/User/stm32f4xx_hal_msp.o
 .comment       0x0000006e       0x6f Application/User/stm32f4xx_it.o

.debug_frame    0x00000000     0x2e38
 .debug_frame   0x00000000      0x2c0 Drivers/STM32F4xx_HAL_Driver/stm32f4xx_hal.o
 .debug_frame   0x000002c0      0x450 Drivers/STM32F4xx_HAL_Driver/stm32f4xx_hal_cortex.o
 .debug_frame   0x00000710      0x14c Drivers/STM32F4xx_HAL_Driver/stm32f4xx_hal_gpio.o
 .debug_frame   0x0000085c      0xb30 Drivers/STM32F4xx_HAL_Driver/stm32f4xx_hal_i2c.o
 .debug_frame   0x0000138c      0x200 Drivers/STM32F4xx_HAL_Driver/stm32f4xx_hal_rcc.o
 .debug_frame   0x0000158c      0xfb4 Drivers/STM32F4xx_HAL_Driver/stm32f4xx_hal_tim.o
 .debug_frame   0x00002540      0x574 Drivers/STM32F4xx_HAL_Driver/stm32f4xx_hal_tim_ex.o
 .debug_frame   0x00002ab4       0x58 Drivers/CMSIS/system_stm32f4xx.o
 .debug_frame   0x00002b0c       0xf8 Application/User/main.o
 .debug_frame   0x00002c04       0xe0 Application/User/stm32f4xx_hal_msp.o
 .debug_frame   0x00002ce4      0x128 Application/User/stm32f4xx_it.o
 .debug_frame   0x00002e0c       0x2c /home/kakses/Programy/eclipse/plugins/fr.ac6.mcu.externaltools.arm-none.linux64_1.11.0.201610101240/tools/gcc-arm-none-eabi-5_4-2016q2/bin/../lib/gcc/arm-none-eabi/5.4.1/../../../../arm-none-eabi/lib/armv7e-m/fpu/libc_nano.a(lib_a-init.o)
